export const snapshot = {};

snapshot[`mips/correct/syscalls/test_mips_syscall_009.s 1`] = `
{
  display: "",
  error: false,
  keyboard: "",
  memory: {
    "0": 32,
    "1": 8,
    "11": 9,
    "12": 32,
    "13": 4,
    "15": 8,
    "19": 12,
    "20": 172,
    "21": 72,
    "24": 172,
    "25": 73,
    "27": 4,
    "28": 32,
    "29": 2,
    "3": 10,
    "31": 9,
    "35": 12,
    "36": 172,
    "37": 72,
    "4": 32,
    "40": 172,
    "41": 73,
    "43": 4,
    "44": 3,
    "45": 224,
    "47": 8,
    "5": 9,
    "7": 20,
    "8": 32,
    "9": 2,
    "96206019": 10,
    "96206023": 20,
    "96206027": 10,
    "96206031": 20,
  },
  registers: {
    "2,v0": "0x5bbfcc8",
    "4,a0": "0x8",
    "8,t0": "0xa",
    "9,t1": "0x14",
    PC: "0xffffffff",
  },
  sentinel_errors: [],
}
`;
