export const snapshot = {};

snapshot[`mips/correct/syscalls/test_mips_syscall_008.s 1`] = `
{
  display: "",
  error: false,
  keyboard: " This is a long string
",
  memory: {
    "0": 32,
    "1": 2,
    "13": 32,
    "14": 32,
    "15": 32,
    "16": 32,
    "17": 5,
    "19": 5,
    "2097152": 84,
    "2097153": 104,
    "2097154": 105,
    "2097155": 115,
    "2097156": 32,
    "23": 12,
    "24": 3,
    "25": 224,
    "27": 8,
    "3": 8,
    "4": 60,
    "5": 1,
    "7": 32,
    "8": 52,
    "9": 33,
  },
  registers: {
    "1,at": "0x200000",
    "2,v0": "0x8",
    "4,a0": "0x200000",
    "5,a1": "0x5",
    PC: "0xffffffff",
  },
  sentinel_errors: [],
}
`;
