export const snapshot = {};

snapshot[`mips/correct/syscalls/test_mips_syscall_002.s 1`] = `
{
  display: "6673-86.97399902343751.100000023841858",
  error: false,
  keyboard: "",
  memory: {
    "0": 32,
    "1": 2,
    "10": 136,
    "12": 68,
    "13": 129,
    "14": 96,
    "19": 12,
    "20": 60,
    "21": 1,
    "22": 194,
    "23": 173,
    "24": 52,
    "25": 33,
    "26": 242,
    "27": 176,
    "28": 68,
    "29": 129,
    "3": 2,
    "30": 96,
    "35": 12,
    "36": 60,
    "37": 1,
    "38": 63,
    "39": 140,
    "4": 60,
    "40": 52,
    "41": 33,
    "42": 204,
    "43": 205,
    "44": 68,
    "45": 129,
    "46": 96,
    "5": 1,
    "51": 12,
    "52": 3,
    "53": 224,
    "55": 8,
    "6": 69,
    "7": 208,
    "8": 52,
    "9": 33,
  },
  registers: {
    "1,at": "0x3f8ccccd",
    "2,v0": "0x2",
    "f12,FP12": "0x3f8ccccd",
    PC: "0xffffffff",
  },
  sentinel_errors: [],
}
`;
