export const snapshot = {};

snapshot[`mips/correct/syscalls/test_mips_syscall_006.s 1`] = `
{
  display: "",
  error: false,
  keyboard: " 1.234567",
  memory: {
    "0": 32,
    "1": 2,
    "11": 8,
    "3": 6,
    "7": 12,
    "8": 3,
    "9": 224,
  },
  registers: {
    "2,v0": "0x6",
    "f0,FP0": "0x3f9e064b",
    PC: "0xffffffff",
  },
  sentinel_errors: [],
}
`;
