export const snapshot = {};

snapshot[`mips/sentinel/test_mips_sentinels_032.s 1`] = `
{
  display: "",
  error: false,
  keyboard: "",
  memory: {
    "0": 32,
    "1": 16,
    "11": 10,
    "15": 12,
    "16": 32,
    "17": 1,
    "19": 4,
    "20": 3,
    "21": 161,
    "22": 232,
    "23": 35,
    "24": 175,
    "25": 176,
    "268435451": 5,
    "28": 32,
    "29": 16,
    "3": 5,
    "31": 5,
    "32": 39,
    "33": 189,
    "35": 4,
    "36": 3,
    "37": 224,
    "39": 8,
    "4": 12,
    "7": 16,
    "8": 32,
    "9": 2,
  },
  registers: {
    "1,at": "0x4",
    "16,s0": "0x5",
    "2,v0": "0xa",
    "31,ra": "0x8",
    PC: "0x10",
  },
  sentinel_errors: [
    {
      errors: [
        {
          message: "Register 16,s0 was saved but never restored",
          register: "16,s0",
          rule: "RESTORE_REQUIRED",
        },
      ],
      function: "test",
    },
  ],
}
`;
