export const snapshot = {};

snapshot[`mips/sentinel/test_mips_sentinels_031.s 1`] = `
{
  display: "",
  error: false,
  keyboard: "",
  memory: {
    "0": 32,
    "1": 16,
    "11": 10,
    "15": 12,
    "16": 32,
    "17": 1,
    "19": 8,
    "20": 3,
    "21": 161,
    "22": 232,
    "23": 35,
    "24": 175,
    "25": 176,
    "268435447": 2,
    "28": 32,
    "29": 16,
    "3": 2,
    "31": 2,
    "32": 143,
    "33": 176,
    "36": 39,
    "37": 189,
    "39": 8,
    "4": 12,
    "40": 3,
    "41": 224,
    "43": 8,
    "7": 16,
    "8": 32,
    "9": 2,
  },
  registers: {
    "1,at": "0x8",
    "16,s0": "0x2",
    "2,v0": "0xa",
    "31,ra": "0x8",
    PC: "0x10",
  },
  sentinel_errors: [],
}
`;
