export const snapshot = {};

snapshot[`mips/sentinel/test_mips_sentinels_021.s 1`] = `
{
  display: "",
  error: false,
  keyboard: "",
  memory: {
    "0": 32,
    "1": 10,
    "11": 20,
    "12": 32,
    "13": 2,
    "15": 10,
    "19": 12,
    "20": 32,
    "21": 1,
    "23": 12,
    "24": 3,
    "25": 161,
    "26": 232,
    "268435451": 12,
    "27": 35,
    "28": 175,
    "29": 191,
    "3": 1,
    "31": 8,
    "32": 175,
    "33": 190,
    "35": 4,
    "36": 39,
    "37": 190,
    "39": 4,
    "4": 32,
    "40": 32,
    "41": 10,
    "43": 2,
    "44": 143,
    "45": 191,
    "47": 8,
    "48": 143,
    "49": 190,
    "5": 4,
    "51": 4,
    "52": 39,
    "53": 189,
    "55": 12,
    "56": 3,
    "57": 224,
    "59": 8,
    "7": 5,
    "8": 12,
  },
  registers: {
    "1,at": "0xc",
    "10,t2": "0x2",
    "2,v0": "0xa",
    "31,ra": "0xc",
    "4,a0": "0x5",
    PC: "0x14",
  },
  sentinel_errors: [],
}
`;
