export const snapshot = {};

snapshot[`mips/sentinel/test_mips_sentinels_011.s 1`] = `
{
  display: "",
  error: false,
  keyboard: "",
  memory: {
    "0": 32,
    "1": 17,
    "11": 10,
    "15": 12,
    "16": 32,
    "17": 1,
    "19": 12,
    "20": 3,
    "21": 161,
    "22": 232,
    "23": 35,
    "24": 175,
    "25": 191,
    "268435451": 8,
    "27": 8,
    "28": 175,
    "29": 190,
    "3": 5,
    "31": 4,
    "32": 39,
    "33": 190,
    "35": 4,
    "36": 32,
    "37": 17,
    "39": 2,
    "4": 12,
    "40": 143,
    "41": 191,
    "43": 8,
    "44": 143,
    "45": 190,
    "47": 4,
    "48": 39,
    "49": 189,
    "51": 12,
    "52": 3,
    "53": 224,
    "55": 8,
    "7": 16,
    "8": 32,
    "9": 2,
  },
  registers: {
    "1,at": "0xc",
    "17,s1": "0x2",
    "2,v0": "0xa",
    "31,ra": "0x8",
    PC: "0x10",
  },
  sentinel_errors: [
    {
      errors: [
        {
          message: "Register 17,s1 was used but never saved to memory",
          register: "17,s1",
          rule: "SAVE_BEFORE_USE",
        },
        {
          message: "Register 17,s1 value changed but not properly restored",
          register: "17,s1",
          rule: "VALUE_NOT_RESTORED",
        },
      ],
      function: "test",
    },
  ],
}
`;
