export const snapshot = {};

snapshot[`riscv/sentinel/test_riscv_sentinels_037.s 1`] = `
{
  display: "",
  error: false,
  keyboard: "",
  memory: {
    "0": 6,
    "1": 64,
    "10": 9,
    "11": 147,
    "12": 2,
    "13": 160,
    "14": 10,
    "15": 19,
    "16": 5,
    "17": 64,
    "18": 10,
    "19": 147,
    "2": 4,
    "20": 1,
    "21": 64,
    "23": 239,
    "24": 1,
    "25": 36,
    "26": 130,
    "268435451": 24,
    "27": 179,
    "28": 1,
    "29": 73,
    "3": 147,
    "30": 131,
    "31": 51,
    "33": 160,
    "34": 8,
    "35": 147,
    "39": 115,
    "4": 12,
    "40": 255,
    "41": 65,
    "42": 1,
    "43": 19,
    "45": 17,
    "46": 36,
    "47": 35,
    "49": 129,
    "5": 128,
    "50": 34,
    "51": 35,
    "53": 65,
    "54": 4,
    "55": 19,
    "56": 62,
    "57": 112,
    "58": 4,
    "59": 147,
    "6": 9,
    "60": 55,
    "61": 128,
    "62": 9,
    "63": 19,
    "64": 48,
    "65": 144,
    "66": 9,
    "67": 147,
    "68": 1,
    "69": 90,
    "7": 19,
    "70": 4,
    "71": 179,
    "72": 34,
    "73": 176,
    "74": 4,
    "75": 147,
    "76": 27,
    "77": 192,
    "78": 9,
    "79": 19,
    "8": 18,
    "81": 129,
    "82": 32,
    "83": 131,
    "85": 65,
    "86": 36,
    "87": 3,
    "89": 193,
    "9": 192,
    "90": 1,
    "91": 19,
    "94": 128,
    "95": 103,
  },
  registers: {
    "x1,ra": "0x18",
    "x17,a7": "0xa",
    "x18,s2": "0x1bc",
    "x19,s3": "0x309",
    "x20,s4": "0x2a",
    "x21,s5": "0x54",
    "x5,t0": "0x3e7",
    "x6,t1": "0x333",
    "x9,s1": "0x22b",
    mtime: "0x18",
    pc: "0x28",
  },
  sentinel_errors: [
    {
      errors: [
        {
          message: "Register x9,s1 was used but never saved to memory",
          register: "x9,s1",
          rule: "SAVE_BEFORE_USE",
        },
        {
          message: "Register x9,s1 value changed but not properly restored",
          register: "x9,s1",
          rule: "VALUE_NOT_RESTORED",
        },
        {
          message: "Register x18,s2 was used but never saved to memory",
          register: "x18,s2",
          rule: "SAVE_BEFORE_USE",
        },
        {
          message: "Register x18,s2 value changed but not properly restored",
          register: "x18,s2",
          rule: "VALUE_NOT_RESTORED",
        },
        {
          message: "Register x19,s3 was used but never saved to memory",
          register: "x19,s3",
          rule: "SAVE_BEFORE_USE",
        },
        {
          message: "Register x19,s3 value changed but not properly restored",
          register: "x19,s3",
          rule: "VALUE_NOT_RESTORED",
        },
      ],
      function: "bad_function",
    },
  ],
}
`;
