export const snapshot = {};

snapshot[`riscv/sentinel/test_riscv_sentinels_012.s 1`] = `
{
  display: "",
  error: false,
  keyboard: "",
  memory: {
    "1": 16,
    "11": 239,
    "13": 160,
    "14": 8,
    "15": 147,
    "19": 115,
    "2": 14,
    "20": 255,
    "21": 65,
    "22": 1,
    "23": 19,
    "25": 17,
    "26": 36,
    "268435451": 12,
    "27": 35,
    "29": 129,
    "3": 19,
    "30": 34,
    "31": 35,
    "33": 65,
    "34": 4,
    "35": 19,
    "37": 32,
    "38": 14,
    "39": 19,
    "41": 129,
    "42": 32,
    "43": 131,
    "45": 65,
    "46": 36,
    "47": 3,
    "49": 193,
    "5": 80,
    "50": 1,
    "51": 19,
    "54": 128,
    "55": 103,
    "6": 5,
    "7": 19,
    "9": 192,
  },
  registers: {
    "x1,ra": "0xc",
    "x10,a0": "0x5",
    "x17,a7": "0xa",
    "x28,t3": "0x2",
    mtime: "0xe",
    pc: "0x14",
  },
  sentinel_errors: [],
}
`;
