export const snapshot = {};

snapshot[`riscv/sentinel/test_riscv_sentinels_033.s 1`] = `
{
  display: "",
  error: false,
  keyboard: "",
  memory: {
    "1": 80,
    "10": 8,
    "11": 147,
    "15": 115,
    "16": 255,
    "17": 193,
    "18": 1,
    "19": 19,
    "2": 4,
    "21": 145,
    "22": 32,
    "23": 35,
    "25": 80,
    "26": 4,
    "268435451": 5,
    "27": 147,
    "29": 65,
    "3": 147,
    "30": 1,
    "31": 19,
    "34": 128,
    "35": 103,
    "5": 192,
    "7": 239,
    "9": 160,
  },
  registers: {
    "x1,ra": "0x8",
    "x17,a7": "0xa",
    "x9,s1": "0x5",
    mtime: "0x9",
    pc: "0x10",
  },
  sentinel_errors: [
    {
      errors: [
        {
          message: "Register x9,s1 was saved but never restored",
          register: "x9,s1",
          rule: "RESTORE_REQUIRED",
        },
      ],
      function: "test",
    },
  ],
}
`;
