export const snapshot = {};

snapshot[`examples/RISCV-simple/example4.s 1`] = `
{
  display: "",
  error: false,
  keyboard: "",
  memory: {
    "10": 30,
    "11": 55,
    "13": 115,
    "14": 6,
    "15": 99,
    "16": 1,
    "17": 195,
    "18": 3,
    "19": 51,
    "2": 3,
    "20": 254,
    "21": 82,
    "22": 140,
    "23": 227,
    "26": 128,
    "27": 103,
    "3": 55,
    "6": 83,
    "7": 183,
  },
  registers: {
    "x28,t3": "0x1000",
    "x6,t1": "0x5000",
    "x7,t2": "0x5000",
    mtime: "0x14",
    pc: "0xfffffffe",
  },
  sentinel_errors: [],
}
`;
