export const snapshot = {};

snapshot[`examples/RISCV-simple/example1.s 1`] = `
{
  display: "",
  error: false,
  keyboard: "",
  memory: {
    "10": 5,
    "11": 19,
    "13": 181,
    "14": 5,
    "15": 51,
    "16": 64,
    "17": 181,
    "18": 5,
    "19": 51,
    "2": 5,
    "20": 2,
    "21": 181,
    "22": 69,
    "23": 51,
    "24": 2,
    "25": 181,
    "26": 133,
    "27": 51,
    "28": 15,
    "29": 135,
    "3": 55,
    "30": 85,
    "31": 55,
    "33": 15,
    "34": 245,
    "35": 183,
    "37": 181,
    "38": 102,
    "39": 51,
    "40": 15,
    "41": 245,
    "42": 102,
    "43": 147,
    "45": 181,
    "46": 118,
    "47": 51,
    "48": 15,
    "49": 245,
    "50": 118,
    "51": 147,
    "53": 181,
    "54": 70,
    "55": 51,
    "56": 15,
    "57": 245,
    "58": 70,
    "59": 147,
    "6": 37,
    "62": 128,
    "63": 103,
    "7": 183,
    "9": 165,
  },
  registers: {
    "x10,a0": "0xf875000",
    "x11,a1": "0xff000",
    "x12,a2": "0xf88a000",
    "x13,a3": "0xf8750ff",
    mtime: "0x10",
    pc: "0xfffffffe",
  },
  sentinel_errors: [],
}
`;
