
There are no discarded input sections

Memory Configuration

Name             Origin             Length             Attributes
text_mem         0x0000000000000000 0x0000000000200000 xr
data_mem         0x0000000000200000 0x00000000059bfcc0 rw
stack_mem        0x000000000ffffff0 0x0000000000000010 rw
*default*        0x0000000000000000 0xffffffffffffffff

Linker script and memory map


.text           0x0000000000000000       0x50
 *(.text.init)
 *(.text)
 .text          0x0000000000000000       0x50 minimal.o
 *(.text.*)

.rodata
 *(.rodata)
 *(.rodata.*)

.data           0x0000000000200000       0x80
 *(.data)
 .data          0x0000000000200000       0x80 minimal.o
 *(.data.*)

.bss            0x0000000000200080        0x0
 *(.bss)
 .bss           0x0000000000200080        0x0 minimal.o
 *(.bss.*)
 *(COMMON)
                [!provide]                        PROVIDE (sp = 0xffffffc)
LOAD minimal.o
OUTPUT(minimal.elf elf64-littleriscv)

.riscv.attributes
                0x0000000000000000       0x5f
 .riscv.attributes
                0x0000000000000000       0x5f minimal.o
