export const snapshot = {};

snapshot[`mips/correct/libraries/test_mips_libraries_001.s 1`] = `
{
  display: "10
5
",
  error: false,
  keyboard: "",
  memory: {
    "1": 133,
    "10": 32,
    "100": 34,
    "101": 31,
    "104": 3,
    "105": 224,
    "107": 8,
    "11": 32,
    "12": 3,
    "13": 224,
    "15": 8,
    "17": 164,
    "18": 8,
    "19": 42,
    "2": 8,
    "20": 16,
    "21": 32,
    "23": 8,
    "25": 160,
    "26": 32,
    "27": 32,
    "28": 3,
    "29": 224,
    "3": 42,
    "31": 8,
    "32": 35,
    "33": 240,
    "36": 32,
    "37": 4,
    "39": 5,
    "4": 16,
    "40": 32,
    "41": 5,
    "43": 10,
    "44": 12,
    "48": 32,
    "49": 2,
    "5": 32,
    "51": 1,
    "55": 12,
    "56": 32,
    "57": 4,
    "59": 10,
    "60": 32,
    "61": 2,
    "63": 11,
    "67": 12,
    "68": 32,
    "69": 4,
    "7": 8,
    "71": 5,
    "72": 32,
    "73": 5,
    "75": 10,
    "76": 12,
    "79": 16,
    "80": 32,
    "81": 2,
    "83": 1,
    "87": 12,
    "88": 32,
    "89": 4,
    "9": 160,
    "91": 10,
    "92": 32,
    "93": 2,
    "95": 11,
    "99": 12,
  },
  registers: {
    "16,s0": "0xffffffff",
    "2,v0": "0xb",
    "4,a0": "0xa",
    "5,a1": "0xa",
    PC: "0xffffffff",
  },
  sentinel_errors: [],
}
`;
