export const snapshot = {};

snapshot[`examples/RISCV-64-interrupts/example1.s 1`] = `
{
  display: "",
  error: false,
  keyboard: "",
  memory: {
    "0": 48,
    "1": 32,
    "10": 226,
    "11": 147,
    "13": 50,
    "14": 144,
    "15": 115,
    "17": 82,
    "18": 144,
    "19": 115,
    "21": 130,
    "22": 226,
    "23": 147,
    "25": 82,
    "26": 144,
    "27": 115,
    "3": 115,
    "30": 2,
    "31": 151,
    "32": 254,
    "33": 66,
    "34": 130,
    "35": 147,
    "37": 34,
    "38": 144,
    "39": 115,
    "43": 115,
    "46": 2,
    "47": 147,
    "5": 50,
    "50": 128,
    "51": 103,
    "6": 144,
    "7": 115,
    "9": 130,
  },
  registers: {
    mie: "0x8",
    mtime: "0x3",
    pc: "0xfffffffffffffffe",
  },
  sentinel_errors: [],
}
`;
