export const snapshot = {};

snapshot[`mips/error/executor/test_mips_error_executor_009.s 1`] = `
{
  display: "",
  error: false,
  instruction_errors: [
    {
      error: "The register 0 | zero is not writeable",
      i: 0,
    },
  ],
  keyboard: "",
  memory: {
    "0": 32,
    "3": 10,
    "4": 3,
    "5": 224,
    "7": 8,
  },
  registers: {
    PC: "0xffffffff",
  },
  sentinel_errors: [],
}
`;
