export const snapshot = {};

snapshot[`riscv/correct/syscalls/test_riscv_syscall_002.s 1`] = `
{
  display: "6673-861",
  error: false,
  keyboard: "",
  memory: {
    "1": 32,
    "10": 130,
    "11": 147,
    "12": 208,
    "13": 2,
    "14": 133,
    "15": 83,
    "19": 115,
    "2": 8,
    "20": 250,
    "21": 160,
    "22": 2,
    "23": 147,
    "24": 208,
    "25": 2,
    "26": 133,
    "27": 83,
    "3": 147,
    "31": 115,
    "33": 16,
    "34": 2,
    "35": 147,
    "36": 208,
    "37": 2,
    "38": 133,
    "39": 83,
    "43": 115,
    "46": 128,
    "47": 103,
    "6": 34,
    "7": 183,
    "8": 161,
    "9": 18,
  },
  registers: {
    "f10,fa0": "0xffffffff3f800000",
    "x17,a7": "0x2",
    "x5,t0": "0x1",
    mtime: "0xc",
    pc: "0xfffffffe",
  },
  sentinel_errors: [],
}
`;
