export const snapshot = {};

snapshot[`riscv/correct/syscalls/test_riscv_syscall_006.s 1`] = `
{
  display: "",
  error: false,
  keyboard: " 1.234567",
  memory: {
    "1": 96,
    "10": 128,
    "11": 103,
    "2": 8,
    "3": 147,
    "7": 115,
  },
  registers: {
    "f10,fa0": "0xffffffff3f9e064b",
    "x17,a7": "0x6",
    mtime: "0x3",
    pc: "0xfffffffe",
  },
  sentinel_errors: [],
}
`;
