export const snapshot = {};

snapshot[`riscv/correct/syscalls/test_riscv_syscall_009.s 1`] = `
{
  display: "",
  error: false,
  keyboard: "",
  memory: {
    "1": 160,
    "10": 8,
    "11": 147,
    "13": 128,
    "14": 5,
    "15": 19,
    "19": 115,
    "2": 2,
    "21": 85,
    "22": 32,
    "23": 35,
    "25": 101,
    "26": 34,
    "27": 35,
    "29": 128,
    "3": 147,
    "30": 5,
    "31": 19,
    "35": 115,
    "37": 85,
    "38": 32,
    "39": 35,
    "4": 1,
    "41": 101,
    "42": 34,
    "43": 35,
    "46": 128,
    "47": 103,
    "5": 64,
    "6": 3,
    "7": 19,
    "9": 144,
    "96206019": 10,
    "96206023": 20,
    "96206027": 10,
    "96206031": 20,
  },
  registers: {
    "x10,a0": "0x5bbfcc8",
    "x17,a7": "0x9",
    "x5,t0": "0xa",
    "x6,t1": "0x14",
    mtime: "0xc",
    pc: "0xfffffffe",
  },
  sentinel_errors: [],
}
`;
