export const snapshot = {};

snapshot[`mips/correct/examples/test_mips_example_002.s 1`] = `
{
  display: "",
  error: false,
  keyboard: "",
  memory: {
    "0": 32,
    "1": 8,
    "11": 45,
    "12": 32,
    "13": 11,
    "15": 33,
    "16": 1,
    "17": 40,
    "18": 96,
    "19": 32,
    "20": 1,
    "21": 170,
    "22": 88,
    "23": 34,
    "24": 113,
    "25": 203,
    "26": 88,
    "27": 2,
    "28": 1,
    "29": 201,
    "3": 10,
    "30": 120,
    "31": 154,
    "32": 3,
    "33": 224,
    "35": 8,
    "4": 32,
    "5": 9,
    "7": 13,
    "8": 32,
    "9": 10,
  },
  registers: {
    "10,t2": "0x2d",
    "11,t3": "0x21",
    "12,t4": "0x17",
    "13,t5": "0xc",
    "14,t6": "0x441",
    "15,t7": "0x53",
    "8,t0": "0xa",
    "9,t1": "0xd",
    PC: "0xffffffff",
  },
  sentinel_errors: [],
}
`;
