export const snapshot = {};

snapshot[`mips/correct/examples/test_mips_example_011.s 1`] = `
{
  display: "-144",
  error: false,
  keyboard: "",
  memory: {
    "0": 32,
    "1": 4,
    "10": 255,
    "11": 179,
    "13": 32,
    "14": 40,
    "15": 32,
    "16": 32,
    "17": 6,
    "19": 45,
    "20": 12,
    "23": 56,
    "25": 64,
    "26": 32,
    "27": 32,
    "29": 96,
    "3": 23,
    "30": 40,
    "31": 32,
    "32": 12,
    "35": 76,
    "37": 64,
    "38": 32,
    "39": 32,
    "4": 60,
    "40": 32,
    "41": 2,
    "43": 1,
    "47": 12,
    "48": 32,
    "49": 2,
    "5": 1,
    "51": 10,
    "55": 12,
    "57": 164,
    "58": 72,
    "59": 32,
    "6": 255,
    "61": 198,
    "62": 80,
    "63": 32,
    "64": 1,
    "65": 32,
    "66": 16,
    "67": 32,
    "68": 1,
    "69": 64,
    "7": 255,
    "70": 24,
    "71": 32,
    "72": 3,
    "73": 224,
    "75": 8,
    "77": 68,
    "78": 40,
    "79": 34,
    "8": 52,
    "80": 3,
    "81": 224,
    "83": 8,
    "9": 33,
  },
  registers: {
    "1,at": "0xffffffb3",
    "10,t2": "0x5a",
    "2,v0": "0xa",
    "3,v1": "0x5a",
    "31,ra": "0x24",
    "4,a0": "0xffffff70",
    "5,a1": "0x5a",
    "6,a2": "0x2d",
    "9,t1": "0xffffffca",
    PC: "0x38",
  },
  sentinel_errors: [],
}
`;
