export const snapshot = {};

snapshot[`mips/correct/examples/test_mips_example_007.s 1`] = `
{
  display: "",
  error: false,
  keyboard: "",
  memory: {
    "0": 32,
    "1": 11,
    "11": 32,
    "12": 52,
    "13": 33,
    "17": 32,
    "18": 104,
    "19": 32,
    "20": 32,
    "2097155": 1,
    "2097159": 2,
    "2097163": 3,
    "2097167": 4,
    "2097171": 5,
    "21": 15,
    "24": 32,
    "25": 9,
    "28": 32,
    "29": 10,
    "3": 1,
    "31": 5,
    "32": 17,
    "33": 73,
    "35": 28,
    "36": 113,
    "37": 201,
    "38": 96,
    "39": 2,
    "4": 32,
    "40": 141,
    "41": 174,
    "44": 1,
    "45": 207,
    "46": 120,
    "47": 32,
    "48": 1,
    "49": 105,
    "5": 12,
    "50": 72,
    "51": 32,
    "52": 33,
    "53": 173,
    "55": 4,
    "56": 4,
    "57": 1,
    "58": 255,
    "59": 232,
    "60": 32,
    "61": 2,
    "63": 10,
    "67": 12,
    "7": 4,
    "8": 60,
    "9": 1,
  },
  registers: {
    "1,at": "0x200000",
    "10,t2": "0x5",
    "11,t3": "0x1",
    "12,t4": "0x4",
    "13,t5": "0x200014",
    "14,t6": "0x5",
    "15,t7": "0xf",
    "2,v0": "0xa",
    "9,t1": "0x5",
    PC: "0x44",
  },
  sentinel_errors: [],
}
`;
