export const snapshot = {};

snapshot[`mips/correct/examples/test_mips_example_006.s 1`] = `
{
  display: "",
  error: false,
  keyboard: "",
  memory: {
    "0": 32,
    "1": 8,
    "11": 5,
    "12": 32,
    "13": 33,
    "15": 1,
    "16": 41,
    "17": 1,
    "19": 5,
    "20": 20,
    "21": 1,
    "23": 16,
    "24": 32,
    "25": 11,
    "27": 34,
    "28": 32,
    "29": 2,
    "3": 4,
    "31": 10,
    "35": 12,
    "36": 32,
    "37": 25,
    "39": 11,
    "4": 32,
    "40": 32,
    "41": 24,
    "42": 2,
    "43": 43,
    "44": 4,
    "45": 1,
    "46": 255,
    "47": 236,
    "5": 9,
    "7": 2,
    "8": 32,
    "9": 1,
  },
  registers: {
    "1,at": "0x1",
    "11,t3": "0x22",
    "2,v0": "0xa",
    "24,t8": "0x22b",
    "25,t9": "0xb",
    "8,t0": "0x4",
    "9,t1": "0x2",
    PC: "0x24",
  },
  sentinel_errors: [],
}
`;
