export const snapshot = {};

snapshot[`mips/correct/examples/test_mips_example_005.s 1`] = `
{
  display: "45",
  error: false,
  keyboard: "",
  memory: {
    "0": 60,
    "1": 1,
    "12": 32,
    "13": 9,
    "16": 32,
    "17": 4,
    "20": 1,
    "2097152": 10,
    "21": 40,
    "22": 8,
    "23": 42,
    "24": 16,
    "25": 1,
    "27": 16,
    "28": 1,
    "29": 36,
    "3": 32,
    "30": 32,
    "31": 32,
    "32": 33,
    "33": 41,
    "35": 1,
    "36": 4,
    "37": 1,
    "38": 255,
    "39": 240,
    "4": 52,
    "40": 32,
    "41": 2,
    "43": 1,
    "47": 12,
    "48": 3,
    "49": 224,
    "5": 33,
    "51": 8,
    "8": 128,
    "9": 40,
  },
  registers: {
    "2,v0": "0x1",
    "4,a0": "0x2d",
    "8,t0": "0xa",
    "9,t1": "0xa",
    PC: "0xffffffff",
  },
  sentinel_errors: [],
}
`;
