export const snapshot = {};

snapshot[`riscv64/addw_test.s 1`] = `
{
  display: "",
  error: false,
  keyboard: "",
  memory: {
    "1": 1,
    "10": 137,
    "11": 187,
    "12": 127,
    "13": 255,
    "14": 10,
    "15": 55,
    "16": 1,
    "17": 74,
    "18": 10,
    "19": 187,
    "2": 4,
    "20": 128,
    "22": 11,
    "23": 55,
    "24": 1,
    "25": 100,
    "26": 139,
    "27": 187,
    "28": 127,
    "29": 255,
    "3": 183,
    "30": 12,
    "31": 55,
    "33": 156,
    "34": 12,
    "35": 187,
    "38": 128,
    "39": 103,
    "5": 2,
    "6": 9,
    "7": 55,
    "8": 1,
    "9": 36,
  },
  registers: {
    "x18,s2": "0x20000",
    "x19,s3": "0x30000",
    "x20,s4": "0x7fff0000",
    "x21,s5": "0xfffffffffffe0000",
    "x22,s6": "0xffffffff80000000",
    "x23,s7": "0xffffffff80010000",
    "x24,s8": "0x7fff0000",
    "x25,s9": "0xffffffff80000000",
    "x9,s1": "0x10000",
    mtime: "0xa",
    pc: "0xfffffffffffffffe",
  },
  sentinel_errors: [],
}
`;
