export const snapshot = {};

snapshot[`riscv64/beq_test.s 1`] = `
{
  display: "",
  error: false,
  keyboard: "",
  memory: {
    "11": 19,
    "15": 19,
    "19": 19,
    "2": 14,
    "21": 3,
    "22": 147,
    "23": 147,
    "26": 128,
    "27": 103,
    "28": 50,
    "29": 18,
    "3": 99,
    "30": 130,
    "31": 147,
    "34": 5,
    "35": 19,
    "38": 128,
    "39": 103,
    "4": 18,
    "5": 48,
    "6": 3,
    "7": 19,
  },
  registers: {
    "x5,t0": "0x321",
    mtime: "0x4",
    pc: "0xfffffffffffffffe",
  },
  sentinel_errors: [],
}
`;
