export const snapshot = {};

snapshot[`riscv64/lui_test.s 1`] = `
{
  display: "",
  error: false,
  keyboard: "",
  memory: {
    "10": 6,
    "11": 55,
    "12": 127,
    "13": 255,
    "14": 246,
    "15": 183,
    "18": 128,
    "19": 103,
    "2": 21,
    "3": 55,
    "4": 255,
    "5": 255,
    "6": 245,
    "7": 183,
    "8": 128,
  },
  registers: {
    "x10,a0": "0x1000",
    "x11,a1": "0xfffffffffffff000",
    "x12,a2": "0xffffffff80000000",
    "x13,a3": "0x7ffff000",
    mtime: "0x5",
    pc: "0xfffffffffffffffe",
  },
  sentinel_errors: [],
}
`;
