export const snapshot = {};

snapshot[`riscv64/slli_test.s 1`] = `
{
  display: "",
  error: false,
  keyboard: "",
  memory: {
    "10": 153,
    "11": 19,
    "14": 9,
    "15": 183,
    "17": 25,
    "18": 137,
    "19": 147,
    "2": 4,
    "20": 1,
    "21": 73,
    "22": 154,
    "23": 19,
    "24": 255,
    "25": 240,
    "26": 10,
    "27": 147,
    "28": 2,
    "29": 10,
    "3": 183,
    "30": 155,
    "31": 19,
    "34": 11,
    "35": 183,
    "37": 27,
    "38": 139,
    "39": 147,
    "40": 3,
    "41": 251,
    "42": 156,
    "43": 19,
    "44": 127,
    "45": 255,
    "46": 252,
    "47": 183,
    "49": 28,
    "5": 20,
    "50": 157,
    "51": 19,
    "54": 128,
    "55": 103,
    "6": 132,
    "7": 147,
    "9": 20,
  },
  registers: {
    "x18,s2": "0x2",
    "x19,s3": "0x1",
    "x20,s4": "0x100000",
    "x21,s5": "0xffffffffffffffff",
    "x23,s7": "0x1",
    "x25,s9": "0x7ffff000",
    "x26,s10": "0xffffe000",
    "x9,s1": "0x1",
    mtime: "0xe",
    pc: "0xfffffffffffffffe",
  },
  sentinel_errors: [],
}
`;
