export const snapshot = {};

snapshot[`riscv64/subw_test.s 1`] = `
{
  display: "",
  error: false,
  keyboard: "",
  memory: {
    "1": 3,
    "10": 9,
    "11": 59,
    "13": 1,
    "14": 9,
    "15": 183,
    "17": 2,
    "18": 10,
    "19": 55,
    "2": 4,
    "20": 65,
    "21": 73,
    "22": 138,
    "23": 187,
    "25": 5,
    "26": 11,
    "27": 55,
    "28": 65,
    "29": 107,
    "3": 55,
    "30": 13,
    "31": 59,
    "32": 127,
    "33": 255,
    "34": 13,
    "35": 183,
    "36": 64,
    "37": 13,
    "38": 139,
    "39": 187,
    "42": 128,
    "43": 103,
    "5": 1,
    "6": 4,
    "7": 183,
    "8": 64,
    "9": 148,
  },
  registers: {
    "x18,s2": "0x40000",
    "x19,s3": "0x10000",
    "x20,s4": "0x20000",
    "x21,s5": "0x30000",
    "x22,s6": "0x50000",
    "x23,s7": "0x7fff0000",
    "x26,s10": "0xa0000",
    "x27,s11": "0x7fff0000",
    "x8,fp,s0": "0x30000",
    "x9,s1": "0x10000",
    mtime: "0xb",
    pc: "0xfffffffffffffffe",
  },
  sentinel_errors: [],
}
`;
