export const snapshot = {};

snapshot[`mips/error/compiler/test_mips_error_compiler_014.s 1`] = `
{
  column: 14,
  errorText: "[E01] Error: Directive .directive isn't defined",
  line: 8,
}
`;

snapshot[`mips/error/compiler/test_mips_error_compiler_014.s 2`] = `
"[E01] Error: Directive .directive isn't defined
   ╭─[ assembly:8:14 ]
   │
 8 │     example:    .directive 221
   │                 ─────┬────  
   │                      ╰────── Unknown directive
───╯
"
`;

snapshot[`mips/error/compiler/test_mips_error_compiler_014.s 3`] = `
"<span style='color:var(--err-red,#a00)'>[E01] Error:</span> Directive <span style='color:var(--err-red,#a00)'>.directive</span> isn&#39;t defined
   <span style='color:#949494'>╭─[</span> assembly:8:14 <span style='color:#949494'>]</span>
   <span style='color:#949494'>│</span>
 <span style='color:#949494'>8 │</span> <span style='color:#b2b2b2'>    example:    </span><span style='color:var(--err-red,#a00)'>.directive</span><span style='color:#b2b2b2'> 221</span>
 <span style='color:#585858'>  │</span>                 <span style='color:var(--err-red,#a00)'>─────┬────</span>  
 <span style='color:#585858'>  │</span>                      <span style='color:var(--err-red,#a00)'>╰──────</span> Unknown directive
<span style='color:#949494'>───╯</span>
"
`;

snapshot[`mips/error/compiler/test_mips_error_compiler_014.s 4`] = `
"[31m[E01] Error:[0m Directive [31m.directive[0m isn't defined
   [38;5;246m╭[0m[38;5;246m─[0m[38;5;246m[[0m assembly:8:14 [38;5;246m][0m
   [38;5;246m│[0m
 [38;5;246m8 │[0m [38;5;249m [0m[38;5;249m [0m[38;5;249m [0m[38;5;249m [0m[38;5;249me[0m[38;5;249mx[0m[38;5;249ma[0m[38;5;249mm[0m[38;5;249mp[0m[38;5;249ml[0m[38;5;249me[0m[38;5;249m:[0m[38;5;249m [0m[38;5;249m [0m[38;5;249m [0m[38;5;249m [0m[31m.[0m[31md[0m[31mi[0m[31mr[0m[31me[0m[31mc[0m[31mt[0m[31mi[0m[31mv[0m[31me[0m[38;5;249m [0m[38;5;249m2[0m[38;5;249m2[0m[38;5;249m1[0m
 [38;5;240m  │[0m                 [31m─[0m[31m─[0m[31m─[0m[31m─[0m[31m─[0m[31m┬[0m[31m─[0m[31m─[0m[31m─[0m[31m─[0m  
 [38;5;240m  │[0m                      [31m╰[0m[31m─[0m[31m─[0m[31m─[0m[31m─[0m[31m─[0m[31m─[0m Unknown directive
[38;5;246m───╯[0m
"
`;
