export const snapshot = {};

snapshot[`mips/error/compiler/test_mips_error_compiler_001.s 1`] = `
{
  column: 4,
  errorText: "[E12] Error: Label A is already defined",
  line: 9,
}
`;

snapshot[`mips/error/compiler/test_mips_error_compiler_001.s 2`] = `
"[E12] Error: Label A is already defined
   ╭─[ assembly:9:4 ]
   │
 7 │    A:    .word -1
   │    ─┬  
   │     ╰── Note: Label also defined here
   │ 
 9 │    A:    .half 23
   │    ─┬  
   │     ╰── Duplicate label
   │ 
   │ Help: Consider renaming either of the labels
───╯
"
`;

snapshot[`mips/error/compiler/test_mips_error_compiler_001.s 3`] = `
"<span style='color:var(--err-red,#a00)'>[E12] Error:</span> Label <span style='color:var(--err-red,#a00)'>A</span> is already defined
   <span style='color:#949494'>╭─[</span> assembly:9:4 <span style='color:#949494'>]</span>
   <span style='color:#949494'>│</span>
 <span style='color:#949494'>7 │</span> <span style='color:#b2b2b2'>   </span><span style='color:var(--err-bright-blue,#55f)'>A:</span><span style='color:#b2b2b2'>    .word -1</span>
 <span style='color:#585858'>  │</span>    <span style='color:var(--err-bright-blue,#55f)'>─┬</span>  
 <span style='color:#585858'>  │</span>     <span style='color:var(--err-bright-blue,#55f)'>╰──</span> <span style='color:var(--err-bright-blue,#55f)'>Note:</span> Label also defined here
 <span style='color:#585858'>  │</span> 
 <span style='color:#949494'>9 │</span> <span style='color:#b2b2b2'>   </span><span style='color:var(--err-red,#a00)'>A:</span><span style='color:#b2b2b2'>    .half 23</span>
 <span style='color:#585858'>  │</span>    <span style='color:var(--err-red,#a00)'>─┬</span>  
 <span style='color:#585858'>  │</span>     <span style='color:var(--err-red,#a00)'>╰──</span> Duplicate label
 <span style='color:#585858'>  │</span> 
 <span style='color:#585858'>  │</span> <span style='color:#87d7af'>Help</span>: Consider renaming either of the labels
<span style='color:#949494'>───╯</span>
"
`;

snapshot[`mips/error/compiler/test_mips_error_compiler_001.s 4`] = `
"[31m[E12] Error:[0m Label [31mA[0m is already defined
   [38;5;246m╭[0m[38;5;246m─[0m[38;5;246m[[0m assembly:9:4 [38;5;246m][0m
   [38;5;246m│[0m
 [38;5;246m7 │[0m [38;5;249m [0m[38;5;249m [0m[38;5;249m [0m[94mA[0m[94m:[0m[38;5;249m [0m[38;5;249m [0m[38;5;249m [0m[38;5;249m [0m[38;5;249m.[0m[38;5;249mw[0m[38;5;249mo[0m[38;5;249mr[0m[38;5;249md[0m[38;5;249m [0m[38;5;249m-[0m[38;5;249m1[0m
 [38;5;240m  │[0m    [94m─[0m[94m┬[0m  
 [38;5;240m  │[0m     [94m╰[0m[94m─[0m[94m─[0m [94mNote:[0m Label also defined here
 [38;5;240m  │[0m 
 [38;5;246m9 │[0m [38;5;249m [0m[38;5;249m [0m[38;5;249m [0m[31mA[0m[31m:[0m[38;5;249m [0m[38;5;249m [0m[38;5;249m [0m[38;5;249m [0m[38;5;249m.[0m[38;5;249mh[0m[38;5;249ma[0m[38;5;249ml[0m[38;5;249mf[0m[38;5;249m [0m[38;5;249m2[0m[38;5;249m3[0m
 [38;5;240m  │[0m    [31m─[0m[31m┬[0m  
 [38;5;240m  │[0m     [31m╰[0m[31m─[0m[31m─[0m Duplicate label
 [38;5;240m  │[0m 
 [38;5;240m  │[0m [38;5;115mHelp[0m: Consider renaming either of the labels
[38;5;246m───╯[0m
"
`;
