export const snapshot = {};

snapshot[`riscv/correct/libraries/test_riscv_libraries_001.s 1`] = `
{
  display: "10
5
",
  error: false,
  keyboard: "",
  memory: {
    "1": 181,
    "10": 128,
    "11": 103,
    "13": 165,
    "14": 212,
    "15": 99,
    "17": 5,
    "18": 133,
    "19": 19,
    "2": 84,
    "22": 128,
    "23": 103,
    "26": 132,
    "27": 19,
    "29": 80,
    "3": 99,
    "30": 5,
    "31": 19,
    "33": 160,
    "34": 5,
    "35": 147,
    "36": 253,
    "37": 223,
    "38": 240,
    "39": 239,
    "41": 16,
    "42": 8,
    "43": 147,
    "47": 115,
    "49": 160,
    "5": 5,
    "50": 5,
    "51": 19,
    "53": 176,
    "54": 8,
    "55": 147,
    "59": 115,
    "6": 133,
    "61": 80,
    "62": 5,
    "63": 19,
    "65": 160,
    "66": 5,
    "67": 147,
    "68": 252,
    "69": 159,
    "7": 19,
    "70": 240,
    "71": 239,
    "73": 16,
    "74": 8,
    "75": 147,
    "79": 115,
    "81": 160,
    "82": 5,
    "83": 19,
    "85": 176,
    "86": 8,
    "87": 147,
    "91": 115,
    "93": 4,
    "95": 147,
    "98": 128,
    "99": 103,
  },
  registers: {
    "x10,a0": "0xa",
    "x11,a1": "0xa",
    "x17,a7": "0xb",
    "x8,fp,s0": "0xffffffff",
    mtime: "0x18",
    pc: "0xfffffffe",
  },
  sentinel_errors: [],
}
`;
