export const snapshot = {};

snapshot[`riscv/correct/examples/test_riscv_example_006.s 1`] = `
{
  display: "",
  error: false,
  keyboard: "",
  memory: {
    "1": 64,
    "10": 14,
    "11": 19,
    "13": 94,
    "14": 88,
    "15": 99,
    "16": 2,
    "17": 32,
    "18": 14,
    "19": 19,
    "2": 2,
    "21": 160,
    "22": 8,
    "23": 147,
    "27": 115,
    "29": 176,
    "3": 147,
    "30": 14,
    "31": 147,
    "32": 34,
    "33": 176,
    "34": 15,
    "35": 19,
    "36": 254,
    "38": 6,
    "39": 227,
    "42": 128,
    "43": 103,
    "5": 32,
    "6": 3,
    "7": 19,
    "9": 80,
  },
  registers: {
    "x17,a7": "0xa",
    "x28,t3": "0x22",
    "x29,t4": "0xb",
    "x30,t5": "0x22b",
    "x5,t0": "0x4",
    "x6,t1": "0x2",
    mtime: "0xa",
    pc: "0x1c",
  },
  sentinel_errors: [],
}
`;
