export const snapshot = {};

snapshot[`riscv/correct/examples/test_riscv_example_007.s 1`] = `
{
  display: "",
  error: false,
  keyboard: "",
  memory: {
    "1": 16,
    "10": 15,
    "11": 23,
    "12": 255,
    "13": 143,
    "14": 15,
    "15": 19,
    "18": 2,
    "19": 147,
    "2": 14,
    "2097155": 1,
    "2097159": 2,
    "2097163": 3,
    "2097167": 4,
    "2097171": 5,
    "22": 3,
    "23": 19,
    "25": 80,
    "26": 3,
    "27": 147,
    "29": 115,
    "3": 19,
    "30": 14,
    "31": 99,
    "32": 3,
    "33": 211,
    "34": 15,
    "35": 179,
    "37": 15,
    "38": 47,
    "39": 131,
    "40": 1,
    "41": 242,
    "42": 130,
    "43": 179,
    "44": 1,
    "45": 195,
    "46": 3,
    "47": 51,
    "49": 79,
    "5": 64,
    "50": 15,
    "51": 19,
    "52": 254,
    "54": 4,
    "55": 227,
    "58": 128,
    "59": 103,
    "6": 14,
    "7": 147,
    "9": 32,
  },
  registers: {
    "x28,t3": "0x1",
    "x29,t4": "0x4",
    "x30,t5": "0x200014",
    "x31,t6": "0x5",
    "x5,t0": "0xf",
    "x6,t1": "0x5",
    "x7,t2": "0x5",
    mtime: "0x2c",
    pc: "0xfffffffe",
  },
  sentinel_errors: [],
}
`;
