export const snapshot = {};

snapshot[`riscv/correct/examples/test_riscv_example_002.s 1`] = `
{
  display: "4",
  error: false,
  keyboard: "",
  memory: {
    "1": 160,
    "10": 3,
    "11": 147,
    "12": 2,
    "13": 16,
    "14": 14,
    "15": 19,
    "17": 98,
    "18": 142,
    "19": 179,
    "2": 2,
    "20": 65,
    "21": 195,
    "22": 142,
    "23": 179,
    "24": 3,
    "25": 206,
    "26": 14,
    "27": 179,
    "28": 2,
    "29": 83,
    "3": 147,
    "30": 206,
    "31": 179,
    "33": 14,
    "34": 133,
    "35": 19,
    "37": 16,
    "38": 8,
    "39": 147,
    "43": 115,
    "46": 128,
    "47": 103,
    "5": 208,
    "6": 3,
    "7": 19,
    "8": 2,
    "9": 208,
  },
  registers: {
    "x10,a0": "0x4",
    "x17,a7": "0x1",
    "x28,t3": "0x21",
    "x29,t4": "0x4",
    "x5,t0": "0xa",
    "x6,t1": "0xd",
    "x7,t2": "0x2d",
    mtime: "0xc",
    pc: "0xfffffffe",
  },
  sentinel_errors: [],
}
`;
