export const snapshot = {};

snapshot[`riscv/correct/examples/test_riscv_example_005.s 1`] = `
{
  display: "45",
  error: false,
  keyboard: "",
  memory: {
    "1": 32,
    "10": 130,
    "11": 131,
    "14": 3,
    "15": 19,
    "18": 5,
    "19": 19,
    "2": 2,
    "2097152": 10,
    "21": 83,
    "22": 88,
    "23": 99,
    "25": 101,
    "26": 5,
    "27": 51,
    "29": 19,
    "3": 151,
    "30": 3,
    "31": 19,
    "32": 254,
    "34": 10,
    "35": 227,
    "37": 16,
    "38": 8,
    "39": 147,
    "43": 115,
    "46": 128,
    "47": 103,
    "5": 2,
    "6": 130,
    "7": 147,
    "9": 2,
  },
  registers: {
    "x10,a0": "0x2d",
    "x17,a7": "0x1",
    "x5,t0": "0xa",
    "x6,t1": "0xa",
    mtime: "0x31",
    pc: "0xfffffffe",
  },
  sentinel_errors: [],
}
`;
