export const snapshot = {};

snapshot[`riscv/correct/examples/test_riscv_example_016.s 1`] = `
{
  display: "",
  error: false,
  keyboard: "",
  memory: {
    "0": 1,
    "1": 2,
    "10": 243,
    "11": 55,
    "12": 240,
    "13": 19,
    "14": 3,
    "15": 19,
    "17": 32,
    "18": 3,
    "19": 183,
    "2": 2,
    "21": 3,
    "22": 131,
    "23": 147,
    "25": 32,
    "26": 14,
    "27": 55,
    "29": 30,
    "3": 183,
    "30": 14,
    "31": 19,
    "33": 32,
    "34": 14,
    "35": 183,
    "36": 4,
    "37": 14,
    "38": 142,
    "39": 147,
    "4": 48,
    "42": 15,
    "43": 55,
    "45": 31,
    "46": 15,
    "47": 19,
    "5": 66,
    "50": 15,
    "51": 183,
    "52": 255,
    "53": 255,
    "54": 143,
    "55": 147,
    "58": 4,
    "59": 55,
    "6": 130,
    "60": 255,
    "61": 244,
    "62": 4,
    "63": 19,
    "64": 255,
    "65": 1,
    "66": 4,
    "67": 183,
    "68": 255,
    "69": 244,
    "7": 147,
    "70": 132,
    "71": 147,
    "74": 128,
    "75": 103,
    "8": 171,
    "9": 205,
  },
  registers: {
    "x28,t3": "0x200001",
    "x29,t4": "0x200040",
    "x30,t5": "0x1",
    "x31,t6": "0xffffffff",
    "x5,t0": "0x1020304",
    "x6,t1": "0xabcdef01",
    "x7,t2": "0x200000",
    "x8,fp,s0": "0xffffffff",
    "x9,s1": "0xff00ffff",
    mtime: "0x13",
    pc: "0xfffffffe",
  },
  sentinel_errors: [],
}
`;
