export const snapshot = {};

snapshot[`riscv/error/compiler/test_riscv_error_compiler_007.s 1`] = `
{
  column: 7,
  errorText: "[E03] Error: Label mains isn't defined",
  line: 11,
}
`;

snapshot[`riscv/error/compiler/test_riscv_error_compiler_007.s 2`] = `
"[E03] Error: Label mains isn't defined
    ╭─[ assembly:11:7 ]
    │
 11 │     j mains
    │       ──┬──  
    │         ╰──── Unknown label
    │ 
    │ Help: Did you mean main?
────╯
"
`;

snapshot[`riscv/error/compiler/test_riscv_error_compiler_007.s 3`] = `
"<span style='color:var(--err-red,#a00)'>[E03] Error:</span> Label <span style='color:var(--err-red,#a00)'>mains</span> isn&#39;t defined
    <span style='color:#949494'>╭─[</span> assembly:11:7 <span style='color:#949494'>]</span>
    <span style='color:#949494'>│</span>
 <span style='color:#949494'>11 │</span> <span style='color:#b2b2b2'>    j </span><span style='color:var(--err-red,#a00)'>mains</span>
 <span style='color:#585858'>   │</span>       <span style='color:var(--err-red,#a00)'>──┬──</span>  
 <span style='color:#585858'>   │</span>         <span style='color:var(--err-red,#a00)'>╰────</span> Unknown label
 <span style='color:#585858'>   │</span> 
 <span style='color:#585858'>   │</span> <span style='color:#87d7af'>Help</span>: Did you mean <span style='color:var(--err-green,#0a0)'>main</span>?
<span style='color:#949494'>────╯</span>
"
`;

snapshot[`riscv/error/compiler/test_riscv_error_compiler_007.s 4`] = `
"[31m[E03] Error:[0m Label [31mmains[0m isn't defined
    [38;5;246m╭[0m[38;5;246m─[0m[38;5;246m[[0m assembly:11:7 [38;5;246m][0m
    [38;5;246m│[0m
 [38;5;246m11 │[0m [38;5;249m [0m[38;5;249m [0m[38;5;249m [0m[38;5;249m [0m[38;5;249mj[0m[38;5;249m [0m[31mm[0m[31ma[0m[31mi[0m[31mn[0m[31ms[0m
 [38;5;240m   │[0m       [31m─[0m[31m─[0m[31m┬[0m[31m─[0m[31m─[0m  
 [38;5;240m   │[0m         [31m╰[0m[31m─[0m[31m─[0m[31m─[0m[31m─[0m Unknown label
 [38;5;240m   │[0m 
 [38;5;240m   │[0m [38;5;115mHelp[0m: Did you mean [32mmain[0m?
[38;5;246m────╯[0m
"
`;
