export const snapshot = {};

snapshot[`riscv/error/compiler/test_riscv_error_compiler_022.s 1`] = `
{
  column: 11,
  errorText: "[E22] Error: Negative values aren't allowed here",
  line: 7,
}
`;

snapshot[`riscv/error/compiler/test_riscv_error_compiler_022.s 2`] = `
"[E22] Error: Negative values aren't allowed here
   ╭─[ assembly:7:11 ]
   │
 7 │     .zero -10
   │           ─┬─  
   │            ╰─── This expression has value -10
───╯
"
`;

snapshot[`riscv/error/compiler/test_riscv_error_compiler_022.s 3`] = `
"<span style='color:var(--err-red,#a00)'>[E22] Error:</span> Negative values aren&#39;t allowed here
   <span style='color:#949494'>╭─[</span> assembly:7:11 <span style='color:#949494'>]</span>
   <span style='color:#949494'>│</span>
 <span style='color:#949494'>7 │</span> <span style='color:#b2b2b2'>    .zero </span><span style='color:var(--err-red,#a00)'>-10</span>
 <span style='color:#585858'>  │</span>           <span style='color:var(--err-red,#a00)'>─┬─</span>  
 <span style='color:#585858'>  │</span>            <span style='color:var(--err-red,#a00)'>╰───</span> This expression has value <span style='color:var(--err-red,#a00)'>-10</span>
<span style='color:#949494'>───╯</span>
"
`;

snapshot[`riscv/error/compiler/test_riscv_error_compiler_022.s 4`] = `
"[31m[E22] Error:[0m Negative values aren't allowed here
   [38;5;246m╭[0m[38;5;246m─[0m[38;5;246m[[0m assembly:7:11 [38;5;246m][0m
   [38;5;246m│[0m
 [38;5;246m7 │[0m [38;5;249m [0m[38;5;249m [0m[38;5;249m [0m[38;5;249m [0m[38;5;249m.[0m[38;5;249mz[0m[38;5;249me[0m[38;5;249mr[0m[38;5;249mo[0m[38;5;249m [0m[31m-[0m[31m1[0m[31m0[0m
 [38;5;240m  │[0m           [31m─[0m[31m┬[0m[31m─[0m  
 [38;5;240m  │[0m            [31m╰[0m[31m─[0m[31m─[0m[31m─[0m This expression has value [31m-10[0m
[38;5;246m───╯[0m
"
`;
