export const snapshot = {};

snapshot[`riscv/error/compiler/test_riscv_error_compiler_010.s 1`] = `
{
  column: 16,
  errorText: "[E16] Error: Data memory segment is full",
  line: 8,
}
`;

snapshot[`riscv/error/compiler/test_riscv_error_compiler_010.s 2`] = `
"[E16] Error: Data memory segment is full
   ╭─[ assembly:8:16 ]
   │
 8 │     spa:    .zero  16 * 1024 * 1024 * 1024
   │                    ───────────┬───────────  
   │                               ╰───────────── This element doesn't fit in the available space
───╯
"
`;

snapshot[`riscv/error/compiler/test_riscv_error_compiler_010.s 3`] = `
"<span style='color:var(--err-red,#a00)'>[E16] Error:</span> Data memory segment is full
   <span style='color:#949494'>╭─[</span> assembly:8:16 <span style='color:#949494'>]</span>
   <span style='color:#949494'>│</span>
 <span style='color:#949494'>8 │</span> <span style='color:#b2b2b2'>    spa:    .zero  </span><span style='color:var(--err-red,#a00)'>16 * 1024 * 1024 * 1024</span>
 <span style='color:#585858'>  │</span>                    <span style='color:var(--err-red,#a00)'>───────────┬───────────</span>  
 <span style='color:#585858'>  │</span>                               <span style='color:var(--err-red,#a00)'>╰─────────────</span> This element doesn&#39;t fit in the available space
<span style='color:#949494'>───╯</span>
"
`;

snapshot[`riscv/error/compiler/test_riscv_error_compiler_010.s 4`] = `
"[31m[E16] Error:[0m Data memory segment is full
   [38;5;246m╭[0m[38;5;246m─[0m[38;5;246m[[0m assembly:8:16 [38;5;246m][0m
   [38;5;246m│[0m
 [38;5;246m8 │[0m [38;5;249m [0m[38;5;249m [0m[38;5;249m [0m[38;5;249m [0m[38;5;249ms[0m[38;5;249mp[0m[38;5;249ma[0m[38;5;249m:[0m[38;5;249m [0m[38;5;249m [0m[38;5;249m [0m[38;5;249m [0m[38;5;249m.[0m[38;5;249mz[0m[38;5;249me[0m[38;5;249mr[0m[38;5;249mo[0m[38;5;249m [0m[38;5;249m [0m[31m1[0m[31m6[0m[31m [0m[31m*[0m[31m [0m[31m1[0m[31m0[0m[31m2[0m[31m4[0m[31m [0m[31m*[0m[31m [0m[31m1[0m[31m0[0m[31m2[0m[31m4[0m[31m [0m[31m*[0m[31m [0m[31m1[0m[31m0[0m[31m2[0m[31m4[0m
 [38;5;240m  │[0m                    [31m─[0m[31m─[0m[31m─[0m[31m─[0m[31m─[0m[31m─[0m[31m─[0m[31m─[0m[31m─[0m[31m─[0m[31m─[0m[31m┬[0m[31m─[0m[31m─[0m[31m─[0m[31m─[0m[31m─[0m[31m─[0m[31m─[0m[31m─[0m[31m─[0m[31m─[0m[31m─[0m  
 [38;5;240m  │[0m                               [31m╰[0m[31m─[0m[31m─[0m[31m─[0m[31m─[0m[31m─[0m[31m─[0m[31m─[0m[31m─[0m[31m─[0m[31m─[0m[31m─[0m[31m─[0m[31m─[0m This element doesn't fit in the available space
[38;5;246m───╯[0m
"
`;
