export const snapshot = {};

snapshot[`mips/instructions/test_mips_instruction_025.s 1`] = `
{
  display: "",
  error: false,
  keyboard: "",
  memory: {
    "0": 32,
    "1": 8,
    "10": 32,
    "11": 1,
    "12": 32,
    "13": 11,
    "14": 32,
    "15": 2,
    "16": 1,
    "17": 40,
    "18": 96,
    "19": 43,
    "2": 31,
    "20": 1,
    "21": 41,
    "22": 104,
    "23": 43,
    "24": 1,
    "25": 42,
    "26": 112,
    "27": 43,
    "28": 1,
    "29": 43,
    "3": 255,
    "30": 120,
    "31": 43,
    "32": 3,
    "33": 224,
    "35": 8,
    "4": 32,
    "5": 9,
    "6": 32,
    "8": 32,
    "9": 10,
  },
  registers: {
    "10,t2": "0x2001",
    "11,t3": "0x2002",
    "14,t6": "0x1",
    "15,t7": "0x1",
    "8,t0": "0x1fff",
    "9,t1": "0x2000",
    PC: "0xffffffff",
  },
  sentinel_errors: [],
}
`;
