export const snapshot = {};

snapshot[`mips/instructions/test_mips_instruction_051.s 1`] = `
{
  display: "",
  error: false,
  keyboard: "",
  memory: {
    "0": 32,
    "1": 8,
    "10": 255,
    "11": 255,
    "12": 52,
    "13": 33,
    "14": 255,
    "15": 255,
    "17": 32,
    "18": 80,
    "19": 32,
    "20": 16,
    "21": 9,
    "23": 16,
    "24": 32,
    "25": 14,
    "27": 34,
    "28": 32,
    "29": 2,
    "3": 1,
    "31": 10,
    "35": 12,
    "36": 32,
    "37": 12,
    "4": 32,
    "40": 16,
    "41": 12,
    "42": 255,
    "43": 240,
    "5": 9,
    "8": 60,
    "9": 1,
  },
  registers: {
    "1,at": "0xffffffff",
    "10,t2": "0xffffffff",
    "14,t6": "0x22",
    "2,v0": "0xa",
    "8,t0": "0x1",
    PC: "0x24",
  },
  sentinel_errors: [],
}
`;
