export const snapshot = {};

snapshot[`mips/instructions/test_mips_instruction_027.s 1`] = `
{
  display: "",
  error: false,
  keyboard: "",
  memory: {
    "0": 60,
    "1": 1,
    "10": 64,
    "11": 32,
    "12": 32,
    "13": 9,
    "14": 17,
    "15": 215,
    "16": 60,
    "17": 1,
    "18": 255,
    "19": 255,
    "20": 52,
    "21": 33,
    "22": 218,
    "23": 242,
    "25": 32,
    "26": 80,
    "27": 32,
    "29": 8,
    "30": 88,
    "31": 130,
    "33": 9,
    "34": 97,
    "35": 2,
    "37": 10,
    "38": 107,
    "39": 194,
    "4": 52,
    "40": 3,
    "41": 224,
    "43": 8,
    "5": 33,
    "6": 170,
    "7": 212,
    "9": 32,
  },
  registers: {
    "1,at": "0xffffdaf2",
    "10,t2": "0xffffdaf2",
    "11,t3": "0x2ab5",
    "12,t4": "0x11d",
    "13,t5": "0x1ffff",
    "8,t0": "0xaad4",
    "9,t1": "0x11d7",
    PC: "0xffffffff",
  },
  sentinel_errors: [],
}
`;
