export const snapshot = {};

snapshot[`mips/instructions/test_mips_instruction_053.s 1`] = `
{
  display: "",
  error: false,
  keyboard: "",
  memory: {
    "0": 60,
    "1": 1,
    "10": 128,
    "11": 32,
    "12": 32,
    "13": 17,
    "15": 15,
    "16": 3,
    "17": 224,
    "18": 96,
    "19": 32,
    "2": 255,
    "20": 6,
    "21": 17,
    "23": 8,
    "24": 32,
    "25": 8,
    "27": 1,
    "28": 3,
    "29": 224,
    "3": 255,
    "30": 104,
    "31": 32,
    "32": 6,
    "33": 49,
    "35": 8,
    "36": 32,
    "37": 9,
    "39": 1,
    "4": 52,
    "40": 3,
    "41": 224,
    "42": 112,
    "43": 32,
    "44": 4,
    "45": 17,
    "47": 8,
    "48": 32,
    "49": 10,
    "5": 33,
    "51": 1,
    "52": 3,
    "53": 224,
    "54": 120,
    "55": 32,
    "56": 1,
    "57": 128,
    "58": 248,
    "59": 32,
    "6": 255,
    "60": 3,
    "61": 224,
    "63": 8,
    "7": 246,
    "9": 32,
  },
  registers: {
    "1,at": "0xfffffff6",
    "12,t4": "0xffffffff",
    "13,t5": "0xffffffff",
    "14,t6": "0x24",
    "15,t7": "0x30",
    "16,s0": "0xfffffff6",
    "17,s1": "0xf",
    "8,t0": "0x1",
    PC: "0xffffffff",
  },
  sentinel_errors: [],
}
`;
