export const snapshot = {};

snapshot[`mips/instructions/test_mips_instruction_051.s 1`] = `
{
  display: "",
  error: false,
  keyboard: "",
  memory: {
    "0": 60,
    "1": 1,
    "10": 128,
    "11": 32,
    "12": 32,
    "13": 17,
    "15": 15,
    "16": 16,
    "17": 16,
    "19": 8,
    "2": 255,
    "20": 32,
    "21": 8,
    "23": 1,
    "24": 16,
    "25": 17,
    "27": 8,
    "28": 32,
    "29": 9,
    "3": 255,
    "31": 1,
    "32": 16,
    "35": 8,
    "36": 32,
    "37": 10,
    "39": 1,
    "4": 52,
    "40": 3,
    "41": 224,
    "43": 8,
    "5": 33,
    "6": 255,
    "7": 246,
    "9": 32,
  },
  registers: {
    "1,at": "0xfffffff6",
    "16,s0": "0xfffffff6",
    "17,s1": "0xf",
    "8,t0": "0x1",
    "9,t1": "0x1",
    PC: "0xffffffff",
  },
  sentinel_errors: [],
}
`;
