export const snapshot = {};

snapshot[`mips/instructions/test_mips_instruction_037.s 1`] = `
{
  display: "",
  error: false,
  keyboard: "",
  memory: {
    "0": 32,
    "1": 8,
    "11": 45,
    "12": 60,
    "13": 1,
    "14": 255,
    "15": 255,
    "16": 52,
    "17": 33,
    "18": 255,
    "19": 254,
    "21": 32,
    "22": 88,
    "23": 32,
    "24": 1,
    "25": 40,
    "27": 25,
    "3": 10,
    "30": 128,
    "31": 16,
    "34": 136,
    "35": 18,
    "36": 1,
    "37": 73,
    "39": 25,
    "4": 32,
    "42": 144,
    "43": 16,
    "46": 152,
    "47": 18,
    "48": 1,
    "49": 106,
    "5": 9,
    "51": 25,
    "54": 160,
    "55": 16,
    "58": 168,
    "59": 18,
    "60": 1,
    "61": 139,
    "63": 25,
    "64": 3,
    "65": 224,
    "67": 8,
    "7": 13,
    "8": 32,
    "9": 10,
  },
  registers: {
    "1,at": "0xfffffffe",
    "10,t2": "0x2d",
    "11,t3": "0xfffffffe",
    "17,s1": "0x82",
    "19,s3": "0x249",
    "20,s4": "0x2c",
    "21,s5": "0xffffffa6",
    "8,t0": "0xa",
    "9,t1": "0xd",
    PC: "0xffffffff",
  },
  sentinel_errors: [],
}
`;
