export const snapshot = {};

snapshot[`mips/instructions/test_mips_instruction_039.s 1`] = `
{
  display: "",
  error: false,
  keyboard: "",
  memory: {
    "0": 32,
    "1": 8,
    "10": 255,
    "11": 255,
    "12": 52,
    "13": 33,
    "14": 224,
    "17": 32,
    "18": 80,
    "19": 32,
    "20": 32,
    "21": 11,
    "23": 24,
    "24": 1,
    "25": 72,
    "26": 96,
    "27": 155,
    "28": 1,
    "29": 40,
    "3": 16,
    "30": 104,
    "31": 155,
    "32": 1,
    "33": 75,
    "34": 112,
    "35": 155,
    "36": 1,
    "37": 106,
    "38": 120,
    "39": 155,
    "4": 32,
    "40": 3,
    "41": 224,
    "43": 8,
    "5": 9,
    "6": 1,
    "8": 60,
    "9": 1,
  },
  registers: {
    "1,at": "0xffffe000",
    "10,t2": "0xffffe000",
    "11,t3": "0x18",
    "12,t4": "0xffffe00",
    "13,t5": "0x10",
    "14,t6": "0xaaaa955",
    "8,t0": "0x10",
    "9,t1": "0x100",
    PC: "0xffffffff",
  },
  sentinel_errors: [],
}
`;
