export const snapshot = {};

snapshot[`mips/instructions/test_mips_instruction_049.s 1`] = `
{
  display: "",
  error: false,
  keyboard: "",
  memory: {
    "0": 60,
    "1": 1,
    "10": 64,
    "11": 32,
    "12": 60,
    "13": 1,
    "14": 255,
    "15": 248,
    "16": 52,
    "17": 33,
    "18": 224,
    "19": 202,
    "21": 32,
    "22": 72,
    "23": 32,
    "24": 1,
    "27": 17,
    "28": 1,
    "29": 32,
    "3": 35,
    "31": 19,
    "34": 88,
    "35": 16,
    "38": 96,
    "39": 18,
    "4": 52,
    "40": 3,
    "41": 224,
    "43": 8,
    "5": 33,
    "6": 69,
    "7": 102,
    "9": 32,
  },
  registers: {
    "1,at": "0xfff8e0ca",
    "11,t3": "0x234566",
    "12,t4": "0xfff8e0ca",
    "8,t0": "0x234566",
    "9,t1": "0xfff8e0ca",
    HI: "0x234566",
    LO: "0xfff8e0ca",
    PC: "0xffffffff",
  },
  sentinel_errors: [],
}
`;
