export const snapshot = {};

snapshot[`mips/instructions/test_mips_instruction_007.s 1`] = `
{
  display: "",
  error: false,
  keyboard: "",
  memory: {
    "0": 60,
    "1": 1,
    "10": 64,
    "11": 32,
    "12": 32,
    "13": 9,
    "15": 2,
    "16": 32,
    "17": 10,
    "19": 5,
    "20": 60,
    "21": 1,
    "23": 4,
    "24": 52,
    "25": 33,
    "26": 69,
    "27": 98,
    "29": 32,
    "3": 4,
    "30": 88,
    "31": 32,
    "32": 17,
    "33": 104,
    "35": 16,
    "36": 32,
    "37": 14,
    "39": 34,
    "4": 52,
    "40": 32,
    "41": 2,
    "43": 10,
    "47": 12,
    "48": 32,
    "49": 12,
    "5": 33,
    "51": 11,
    "52": 32,
    "53": 13,
    "54": 2,
    "55": 43,
    "56": 17,
    "57": 8,
    "58": 255,
    "59": 236,
    "6": 69,
    "7": 98,
    "9": 32,
  },
  registers: {
    "1,at": "0x44562",
    "10,t2": "0x5",
    "11,t3": "0x44562",
    "12,t4": "0xb",
    "13,t5": "0x22b",
    "14,t6": "0x22",
    "2,v0": "0xa",
    "8,t0": "0x44562",
    "9,t1": "0x2",
    PC: "0x30",
  },
  sentinel_errors: [],
}
`;
