export const snapshot = {};

snapshot[`mips/instructions/test_mips_instruction_043.s 1`] = `
{
  display: "",
  error: false,
  keyboard: "",
  memory: {
    "0": 60,
    "1": 1,
    "10": 64,
    "11": 32,
    "12": 60,
    "13": 1,
    "14": 255,
    "15": 255,
    "16": 52,
    "17": 33,
    "18": 252,
    "19": 143,
    "2": 255,
    "21": 32,
    "22": 72,
    "23": 32,
    "24": 32,
    "25": 10,
    "27": 5,
    "28": 32,
    "29": 11,
    "3": 255,
    "30": 2,
    "31": 31,
    "32": 1,
    "33": 40,
    "34": 8,
    "35": 43,
    "36": 20,
    "37": 1,
    "39": 24,
    "4": 52,
    "40": 1,
    "41": 75,
    "42": 8,
    "43": 43,
    "44": 20,
    "45": 1,
    "47": 16,
    "48": 32,
    "49": 14,
    "5": 33,
    "51": 34,
    "52": 32,
    "53": 2,
    "55": 10,
    "59": 12,
    "6": 252,
    "60": 32,
    "61": 12,
    "63": 11,
    "64": 32,
    "65": 13,
    "66": 2,
    "67": 43,
    "68": 1,
    "69": 141,
    "7": 142,
    "70": 8,
    "71": 43,
    "72": 20,
    "73": 1,
    "74": 255,
    "75": 232,
    "9": 32,
  },
  registers: {
    "1,at": "0x1",
    "10,t2": "0x5",
    "11,t3": "0x21f",
    "12,t4": "0xb",
    "13,t5": "0x22b",
    "14,t6": "0x22",
    "2,v0": "0xa",
    "8,t0": "0xfffffc8e",
    "9,t1": "0xfffffc8f",
    PC: "0x3c",
  },
  sentinel_errors: [],
}
`;
