export const snapshot = {};

snapshot[`mips/instructions/test_mips_instruction_015.s 1`] = `
{
  display: "",
  error: false,
  keyboard: "",
  memory: {
    "0": 32,
    "1": 8,
    "10": 252,
    "13": 32,
    "14": 104,
    "15": 32,
    "16": 41,
    "17": 9,
    "18": 2,
    "19": 239,
    "2": 2,
    "20": 41,
    "21": 10,
    "22": 2,
    "23": 240,
    "24": 41,
    "25": 11,
    "26": 2,
    "27": 241,
    "28": 41,
    "29": 12,
    "3": 240,
    "30": 2,
    "31": 242,
    "32": 41,
    "33": 174,
    "34": 251,
    "35": 255,
    "36": 41,
    "37": 175,
    "38": 252,
    "4": 60,
    "40": 41,
    "41": 184,
    "42": 252,
    "43": 1,
    "44": 41,
    "45": 185,
    "46": 252,
    "47": 2,
    "48": 3,
    "49": 224,
    "5": 1,
    "51": 8,
    "6": 255,
    "7": 255,
    "8": 52,
    "9": 33,
  },
  registers: {
    "1,at": "0xfffffc00",
    "11,t3": "0x1",
    "12,t4": "0x1",
    "13,t5": "0xfffffc00",
    "24,t8": "0x1",
    "25,t9": "0x1",
    "8,t0": "0x2f0",
    PC: "0xffffffff",
  },
  sentinel_errors: [],
}
`;
