export const snapshot = {};

snapshot[`mips/instructions/test_mips_instruction_057.s 1`] = `
{
  display: "",
  error: false,
  keyboard: "",
  memory: {
    "0": 32,
    "1": 8,
    "10": 255,
    "11": 255,
    "12": 52,
    "13": 33,
    "14": 255,
    "15": 255,
    "17": 32,
    "18": 80,
    "19": 32,
    "20": 20,
    "21": 8,
    "23": 16,
    "24": 32,
    "25": 14,
    "27": 34,
    "28": 32,
    "29": 2,
    "3": 1,
    "31": 10,
    "35": 12,
    "36": 60,
    "37": 1,
    "39": 3,
    "4": 32,
    "40": 52,
    "41": 33,
    "42": 151,
    "43": 99,
    "45": 32,
    "46": 96,
    "47": 32,
    "48": 32,
    "49": 13,
    "5": 9,
    "51": 170,
    "52": 20,
    "53": 12,
    "54": 255,
    "55": 228,
    "8": 60,
    "9": 1,
  },
  registers: {
    "1,at": "0x39763",
    "10,t2": "0xffffffff",
    "12,t4": "0x39763",
    "13,t5": "0xaa",
    "14,t6": "0x22",
    "2,v0": "0xa",
    "8,t0": "0x1",
    PC: "0x24",
  },
  sentinel_errors: [],
}
`;
