export const snapshot = {};

snapshot[`mips/instructions/test_mips_instruction_036.s 1`] = `
{
  display: "",
  error: false,
  keyboard: "",
  memory: {
    "0": 32,
    "1": 8,
    "10": 1,
    "11": 35,
    "12": 60,
    "13": 1,
    "14": 255,
    "15": 255,
    "16": 52,
    "17": 33,
    "18": 169,
    "19": 18,
    "2": 37,
    "21": 32,
    "22": 88,
    "23": 32,
    "24": 37,
    "25": 12,
    "26": 179,
    "27": 56,
    "28": 37,
    "29": 45,
    "3": 184,
    "30": 21,
    "31": 235,
    "32": 37,
    "33": 78,
    "34": 1,
    "35": 36,
    "36": 60,
    "37": 1,
    "39": 3,
    "4": 32,
    "40": 52,
    "41": 33,
    "42": 113,
    "43": 131,
    "45": 43,
    "46": 120,
    "47": 33,
    "48": 3,
    "49": 224,
    "5": 9,
    "51": 8,
    "7": 222,
    "8": 32,
    "9": 10,
  },
  registers: {
    "1,at": "0x37183",
    "10,t2": "0x123",
    "11,t3": "0xffffa912",
    "12,t4": "0xffffd8f0",
    "13,t5": "0x16c9",
    "14,t6": "0x247",
    "15,t7": "0x31a95",
    "8,t0": "0x25b8",
    "9,t1": "0xde",
    PC: "0xffffffff",
  },
  sentinel_errors: [],
}
`;
