export const snapshot = {};

snapshot[`mips/instructions/test_mips_instruction_034.s 1`] = `
{
  display: "",
  error: false,
  keyboard: "",
  memory: {
    "0": 32,
    "1": 8,
    "11": 45,
    "12": 60,
    "13": 1,
    "14": 255,
    "15": 255,
    "16": 52,
    "17": 33,
    "18": 255,
    "19": 254,
    "21": 32,
    "22": 88,
    "23": 32,
    "24": 113,
    "25": 136,
    "26": 72,
    "27": 2,
    "28": 113,
    "29": 169,
    "3": 10,
    "30": 80,
    "31": 2,
    "32": 113,
    "33": 202,
    "34": 88,
    "35": 2,
    "36": 113,
    "37": 235,
    "38": 96,
    "39": 2,
    "4": 32,
    "40": 3,
    "41": 224,
    "43": 8,
    "5": 9,
    "7": 13,
    "8": 32,
    "9": 10,
  },
  registers: {
    "1,at": "0xfffffffe",
    "10,t2": "0x2d",
    "11,t3": "0xfffffffe",
    "12,t4": "0x82",
    "13,t5": "0x249",
    "14,t6": "0xffffffa6",
    "15,t7": "0xfffffefc",
    "8,t0": "0xa",
    "9,t1": "0xd",
    PC: "0xffffffff",
  },
  sentinel_errors: [],
}
`;
