export const snapshot = {};

snapshot[`mips/instructions/test_mips_instruction_055.s 1`] = `
{
  display: "",
  error: false,
  keyboard: "",
  memory: {
    "0": 32,
    "1": 8,
    "10": 255,
    "11": 255,
    "13": 32,
    "14": 72,
    "15": 32,
    "16": 25,
    "19": 20,
    "20": 25,
    "21": 32,
    "23": 16,
    "24": 32,
    "25": 14,
    "27": 34,
    "28": 32,
    "29": 2,
    "3": 1,
    "31": 10,
    "35": 12,
    "36": 32,
    "37": 12,
    "4": 60,
    "40": 25,
    "41": 128,
    "42": 255,
    "43": 240,
    "5": 1,
    "6": 255,
    "7": 255,
    "8": 52,
    "9": 33,
  },
  registers: {
    "1,at": "0xffffffff",
    "14,t6": "0x22",
    "2,v0": "0xa",
    "8,t0": "0x1",
    "9,t1": "0xffffffff",
    PC: "0x24",
  },
  sentinel_errors: [],
}
`;
