export const snapshot = {};

snapshot[`mips/instructions/test_mips_instruction_001.s 1`] = `
{
  display: "",
  error: false,
  keyboard: "",
  memory: {
    "0": 32,
    "1": 8,
    "10": 255,
    "11": 226,
    "13": 32,
    "14": 72,
    "15": 32,
    "16": 32,
    "17": 10,
    "20": 32,
    "21": 11,
    "23": 18,
    "24": 1,
    "25": 40,
    "26": 96,
    "27": 32,
    "28": 1,
    "29": 73,
    "3": 10,
    "30": 104,
    "31": 32,
    "32": 1,
    "33": 106,
    "34": 112,
    "35": 32,
    "36": 3,
    "37": 224,
    "39": 8,
    "4": 60,
    "5": 1,
    "6": 255,
    "7": 255,
    "8": 52,
    "9": 33,
  },
  registers: {
    "1,at": "0xffffffe2",
    "11,t3": "0x12",
    "12,t4": "0xffffffec",
    "13,t5": "0xffffffe2",
    "14,t6": "0x12",
    "8,t0": "0xa",
    "9,t1": "0xffffffe2",
    PC: "0xffffffff",
  },
  sentinel_errors: [],
}
`;
