export const snapshot = {};

snapshot[`mips/instructions/test_mips_instruction_040.s 1`] = `
{
  display: "",
  error: false,
  keyboard: "",
  memory: {
    "0": 32,
    "1": 8,
    "10": 255,
    "11": 255,
    "12": 52,
    "13": 33,
    "14": 224,
    "17": 32,
    "18": 80,
    "19": 32,
    "20": 32,
    "21": 11,
    "23": 24,
    "24": 1,
    "25": 72,
    "27": 26,
    "3": 16,
    "30": 96,
    "31": 16,
    "32": 1,
    "33": 40,
    "35": 26,
    "38": 104,
    "39": 16,
    "4": 32,
    "40": 1,
    "41": 75,
    "43": 26,
    "46": 112,
    "47": 16,
    "48": 1,
    "49": 106,
    "5": 9,
    "51": 26,
    "54": 120,
    "55": 16,
    "56": 3,
    "57": 224,
    "59": 8,
    "6": 1,
    "8": 60,
    "9": 1,
  },
  registers: {
    "1,at": "0xffffe000",
    "10,t2": "0xffffe000",
    "11,t3": "0x18",
    "14,t6": "0xfffffff8",
    "15,t7": "0x18",
    "8,t0": "0x10",
    "9,t1": "0x100",
    HI: "0x18",
    PC: "0xffffffff",
  },
  sentinel_errors: [],
}
`;
