export const snapshot = {};

snapshot[`mips/instructions/test_mips_instruction_056.s 1`] = `
{
  display: "",
  error: false,
  keyboard: "",
  memory: {
    "0": 32,
    "1": 8,
    "10": 2,
    "11": 31,
    "12": 1,
    "13": 9,
    "14": 8,
    "15": 42,
    "16": 20,
    "17": 1,
    "19": 24,
    "2": 3,
    "20": 1,
    "21": 73,
    "22": 8,
    "23": 42,
    "24": 20,
    "25": 1,
    "27": 16,
    "28": 32,
    "29": 14,
    "3": 114,
    "31": 34,
    "32": 32,
    "33": 2,
    "35": 10,
    "39": 12,
    "4": 32,
    "40": 32,
    "41": 12,
    "43": 11,
    "44": 32,
    "45": 13,
    "46": 2,
    "47": 43,
    "48": 1,
    "49": 141,
    "5": 9,
    "50": 8,
    "51": 42,
    "52": 20,
    "53": 1,
    "54": 255,
    "55": 232,
    "6": 3,
    "7": 113,
    "8": 32,
    "9": 10,
  },
  registers: {
    "1,at": "0x1",
    "10,t2": "0x21f",
    "12,t4": "0xb",
    "13,t5": "0x22b",
    "14,t6": "0x22",
    "2,v0": "0xa",
    "8,t0": "0x372",
    "9,t1": "0x371",
    PC: "0x28",
  },
  sentinel_errors: [],
}
`;
