export const snapshot = {};

snapshot[`mips/instructions/test_mips_instruction_067.s 1`] = `
{
  display: "",
  error: false,
  keyboard: "",
  memory: {
    "0": 60,
    "1": 1,
    "10": 64,
    "11": 32,
    "12": 60,
    "13": 1,
    "14": 255,
    "15": 220,
    "16": 52,
    "17": 33,
    "18": 53,
    "19": 154,
    "21": 32,
    "22": 72,
    "23": 32,
    "24": 60,
    "25": 1,
    "26": 2,
    "27": 52,
    "28": 52,
    "29": 33,
    "3": 1,
    "30": 103,
    "31": 255,
    "33": 32,
    "34": 80,
    "35": 32,
    "36": 60,
    "37": 1,
    "38": 255,
    "39": 169,
    "4": 52,
    "40": 52,
    "41": 33,
    "42": 175,
    "43": 159,
    "45": 32,
    "46": 88,
    "47": 32,
    "48": 32,
    "49": 12,
    "5": 33,
    "50": 30,
    "51": 219,
    "52": 32,
    "53": 13,
    "54": 22,
    "55": 46,
    "56": 68,
    "57": 32,
    "58": 64,
    "59": 33,
    "6": 226,
    "60": 68,
    "61": 32,
    "62": 72,
    "63": 161,
    "64": 68,
    "65": 32,
    "66": 81,
    "67": 33,
    "68": 68,
    "69": 64,
    "7": 174,
    "70": 89,
    "71": 160,
    "72": 68,
    "73": 64,
    "74": 97,
    "75": 224,
    "76": 68,
    "77": 64,
    "78": 106,
    "79": 32,
    "80": 32,
    "81": 2,
    "83": 10,
    "87": 12,
    "9": 32,
  },
  registers: {
    "1,at": "0xffa9af9f",
    "10,t2": "0x23467ff",
    "11,t3": "0xffa9af9f",
    "12,t4": "0x1edb",
    "13,t5": "0x162e",
    "2,v0": "0xa",
    "8,t0": "0x1e2ae",
    "9,t1": "0xffdc359a",
    "f0,FP0": "0x40fe2ae0",
    "f2,FP2": "0xc141e533",
    "f4,FP4": "0x4181a33f",
    "f6,FP6": "0xcaaca0c2",
    "f8,FP8": "0x45b17000",
    PC: "0x58",
    f5: "0xf8000000",
    f7: "0x45f6d800",
  },
  sentinel_errors: [],
}
`;
