export const snapshot = {};

snapshot[`mips/instructions/test_mips_instruction_054.s 1`] = `
{
  display: "",
  error: false,
  keyboard: "",
  memory: {
    "0": 32,
    "1": 8,
    "11": 20,
    "12": 29,
    "15": 16,
    "16": 32,
    "17": 14,
    "19": 34,
    "20": 32,
    "21": 2,
    "23": 10,
    "27": 12,
    "28": 32,
    "29": 12,
    "3": 1,
    "31": 2,
    "32": 29,
    "33": 128,
    "34": 255,
    "35": 240,
    "4": 32,
    "5": 9,
    "8": 29,
    "9": 32,
  },
  registers: {
    "12,t4": "0x2",
    "14,t6": "0x22",
    "2,v0": "0xa",
    "8,t0": "0x1",
    PC: "0x1c",
  },
  sentinel_errors: [],
}
`;
