export const snapshot = {};

snapshot[`mips/instructions/test_mips_instruction_050.s 1`] = `
{
  display: "",
  error: false,
  keyboard: "",
  memory: {
    "0": 32,
    "1": 8,
    "10": 252,
    "11": 87,
    "13": 32,
    "14": 72,
    "15": 32,
    "16": 32,
    "17": 10,
    "19": 12,
    "2": 2,
    "20": 60,
    "21": 1,
    "23": 18,
    "24": 52,
    "25": 33,
    "26": 53,
    "27": 21,
    "29": 32,
    "3": 35,
    "30": 88,
    "31": 32,
    "32": 1,
    "33": 9,
    "34": 96,
    "35": 35,
    "36": 1,
    "37": 76,
    "38": 104,
    "39": 35,
    "4": 60,
    "40": 1,
    "41": 109,
    "42": 112,
    "43": 35,
    "44": 3,
    "45": 224,
    "47": 8,
    "5": 1,
    "6": 255,
    "7": 255,
    "8": 52,
    "9": 33,
  },
  registers: {
    "1,at": "0x123515",
    "10,t2": "0xc",
    "11,t3": "0x123515",
    "12,t4": "0x5cc",
    "13,t5": "0xfffffa40",
    "14,t6": "0x123ad5",
    "8,t0": "0x223",
    "9,t1": "0xfffffc57",
    PC: "0xffffffff",
  },
  sentinel_errors: [],
}
`;
