export const snapshot = {};

snapshot[`mips/instructions/test_mips_instruction_008.s 1`] = `
{
  display: "",
  error: false,
  keyboard: "",
  memory: {
    "0": 60,
    "1": 1,
    "10": 128,
    "100": 32,
    "101": 24,
    "103": 1,
    "104": 22,
    "105": 51,
    "107": 8,
    "108": 32,
    "109": 25,
    "11": 32,
    "111": 1,
    "112": 3,
    "113": 224,
    "115": 8,
    "12": 60,
    "13": 1,
    "14": 255,
    "15": 255,
    "16": 52,
    "17": 33,
    "18": 255,
    "19": 246,
    "2": 255,
    "21": 32,
    "22": 136,
    "23": 32,
    "24": 32,
    "25": 18,
    "27": 15,
    "28": 32,
    "29": 19,
    "3": 255,
    "31": 32,
    "32": 22,
    "33": 16,
    "35": 8,
    "36": 32,
    "37": 8,
    "39": 1,
    "4": 52,
    "40": 22,
    "41": 48,
    "43": 8,
    "44": 32,
    "45": 9,
    "47": 1,
    "48": 22,
    "49": 17,
    "5": 33,
    "51": 8,
    "52": 32,
    "53": 10,
    "55": 1,
    "56": 22,
    "57": 82,
    "59": 8,
    "6": 255,
    "60": 32,
    "61": 11,
    "63": 1,
    "64": 22,
    "65": 114,
    "67": 8,
    "68": 32,
    "69": 12,
    "7": 216,
    "71": 1,
    "72": 22,
    "73": 83,
    "75": 8,
    "76": 32,
    "77": 13,
    "79": 1,
    "80": 22,
    "81": 80,
    "83": 8,
    "84": 32,
    "85": 14,
    "87": 1,
    "88": 22,
    "89": 18,
    "9": 32,
    "91": 8,
    "92": 32,
    "93": 15,
    "95": 1,
    "96": 22,
    "97": 113,
    "99": 8,
  },
  registers: {
    "1,at": "0xfffffff6",
    "11,t3": "0x1",
    "16,s0": "0xffffffd8",
    "17,s1": "0xfffffff6",
    "18,s2": "0xf",
    "19,s3": "0x20",
    "8,t0": "0x1",
    PC: "0xffffffff",
  },
  sentinel_errors: [],
}
`;
