export const snapshot = {};

snapshot[`mips/instructions/test_mips_instruction_014.s 1`] = `
{
  display: "",
  error: false,
  keyboard: "",
  memory: {
    "0": 60,
    "1": 1,
    "10": 64,
    "11": 32,
    "12": 60,
    "13": 1,
    "15": 32,
    "16": 52,
    "17": 33,
    "19": 2,
    "2097152": 127,
    "2097154": 255,
    "2097155": 255,
    "21": 32,
    "22": 72,
    "23": 32,
    "24": 145,
    "25": 10,
    "28": 149,
    "29": 43,
    "3": 32,
    "32": 60,
    "33": 1,
    "35": 32,
    "36": 52,
    "37": 33,
    "39": 4,
    "4": 52,
    "41": 32,
    "42": 96,
    "43": 32,
    "44": 161,
    "45": 141,
    "48": 60,
    "49": 1,
    "5": 33,
    "51": 32,
    "52": 52,
    "53": 33,
    "55": 6,
    "57": 32,
    "58": 112,
    "59": 32,
    "60": 165,
    "61": 207,
    "64": 3,
    "65": 224,
    "67": 8,
    "9": 32,
  },
  registers: {
    "1,at": "0x200006",
    "10,t2": "0x7f",
    "11,t3": "0xffff",
    "12,t4": "0x200004",
    "14,t6": "0x200006",
    "8,t0": "0x200000",
    "9,t1": "0x200002",
    PC: "0xffffffff",
  },
  sentinel_errors: [],
}
`;
