export const snapshot = {};

snapshot[`mips/instructions/test_mips_instruction_066.s 1`] = `
{
  display: "",
  error: false,
  keyboard: "",
  memory: {
    "0": 60,
    "1": 1,
    "10": 8,
    "12": 60,
    "13": 1,
    "14": 64,
    "15": 112,
    "16": 52,
    "17": 33,
    "20": 68,
    "21": 129,
    "24": 60,
    "25": 1,
    "28": 52,
    "29": 33,
    "32": 68,
    "33": 129,
    "34": 24,
    "36": 60,
    "37": 1,
    "38": 192,
    "39": 171,
    "4": 52,
    "40": 52,
    "41": 33,
    "42": 50,
    "44": 68,
    "45": 129,
    "46": 16,
    "48": 60,
    "49": 1,
    "5": 33,
    "50": 70,
    "51": 25,
    "52": 52,
    "53": 33,
    "54": 36,
    "56": 68,
    "57": 129,
    "58": 48,
    "60": 60,
    "61": 1,
    "62": 198,
    "63": 1,
    "64": 52,
    "65": 33,
    "66": 100,
    "68": 68,
    "69": 129,
    "70": 56,
    "72": 68,
    "73": 32,
    "74": 2,
    "75": 36,
    "76": 68,
    "77": 32,
    "78": 18,
    "79": 100,
    "8": 68,
    "80": 68,
    "82": 50,
    "83": 164,
    "84": 68,
    "86": 58,
    "87": 228,
    "88": 32,
    "89": 2,
    "9": 129,
    "91": 10,
    "95": 12,
  },
  registers: {
    "1,at": "0xc6016400",
    "10,t2": "0x2649",
    "11,t3": "0xffffdfa7",
    "2,v0": "0xa",
    "8,t0": "0x100",
    "9,t1": "0xfffff267",
    "f0,FP0": "0x40700000",
    "f2,FP2": "0xc0ab3200",
    "f6,FP6": "0x46192400",
    PC: "0x60",
    f7: "0xc6016400",
  },
  sentinel_errors: [],
}
`;
