export const snapshot = {};

snapshot[`mips/instructions/test_mips_instruction_021.s 1`] = `
{
  display: "",
  error: false,
  keyboard: "",
  memory: {
    "0": 32,
    "1": 8,
    "10": 255,
    "11": 255,
    "12": 52,
    "13": 33,
    "14": 224,
    "17": 32,
    "18": 80,
    "19": 32,
    "20": 32,
    "21": 11,
    "23": 24,
    "24": 1,
    "25": 72,
    "27": 27,
    "3": 16,
    "30": 128,
    "31": 16,
    "34": 136,
    "35": 18,
    "36": 1,
    "37": 40,
    "39": 27,
    "4": 32,
    "42": 144,
    "43": 16,
    "46": 152,
    "47": 18,
    "48": 1,
    "49": 75,
    "5": 9,
    "51": 27,
    "54": 160,
    "55": 16,
    "58": 168,
    "59": 18,
    "6": 1,
    "60": 1,
    "61": 106,
    "63": 27,
    "64": 3,
    "65": 224,
    "67": 8,
    "8": 60,
    "9": 1,
  },
  registers: {
    "1,at": "0xffffe000",
    "10,t2": "0xffffe000",
    "11,t3": "0x18",
    "17,s1": "0xffffe00",
    "19,s3": "0x10",
    "20,s4": "0x8",
    "21,s5": "0xaaaa955",
    "8,t0": "0x10",
    "9,t1": "0x100",
    HI: "0x18",
    PC: "0xffffffff",
  },
  sentinel_errors: [],
}
`;
