export const snapshot = {};

snapshot[`mips/instructions/test_mips_instruction_047.s 1`] = `
{
  display: "",
  error: false,
  keyboard: "",
  memory: {
    "0": 60,
    "1": 1,
    "10": 64,
    "11": 32,
    "12": 32,
    "13": 9,
    "14": 17,
    "15": 215,
    "20": 60,
    "21": 1,
    "22": 255,
    "23": 255,
    "24": 52,
    "25": 33,
    "26": 218,
    "27": 242,
    "29": 32,
    "3": 2,
    "30": 80,
    "31": 32,
    "32": 3,
    "33": 224,
    "35": 8,
    "4": 52,
    "5": 33,
    "6": 35,
    "7": 70,
    "9": 32,
  },
  registers: {
    "1,at": "0xffffdaf2",
    "10,t2": "0xffffdaf2",
    "8,t0": "0x22346",
    "9,t1": "0x11d7",
    PC: "0xffffffff",
  },
  sentinel_errors: [],
}
`;
