export const snapshot = {};

snapshot[`mips/instructions/test_mips_instruction_004.s 1`] = `
{
  display: "",
  error: false,
  keyboard: "",
  memory: {
    "0": 60,
    "1": 8,
    "11": 52,
    "12": 60,
    "13": 24,
    "14": 15,
    "15": 240,
    "16": 60,
    "17": 25,
    "19": 2,
    "20": 3,
    "21": 224,
    "23": 8,
    "3": 35,
    "4": 60,
    "5": 14,
    "6": 86,
    "7": 219,
    "8": 60,
    "9": 15,
  },
  registers: {
    "14,t6": "0x56db0000",
    "15,t7": "0x340000",
    "24,t8": "0xff00000",
    "25,t9": "0x20000",
    "8,t0": "0x230000",
    PC: "0xffffffff",
  },
  sentinel_errors: [],
}
`;
