export const snapshot = {};

snapshot[`riscv/instructions/test_riscv_instruction_001.s 1`] = `
{
  display: "",
  error: false,
  keyboard: "",
  memory: {
    "1": 160,
    "10": 3,
    "11": 147,
    "12": 1,
    "14": 4,
    "15": 55,
    "16": 255,
    "17": 244,
    "18": 4,
    "19": 19,
    "2": 2,
    "21": 98,
    "22": 132,
    "23": 179,
    "25": 147,
    "26": 133,
    "27": 51,
    "29": 164,
    "3": 147,
    "30": 5,
    "31": 179,
    "34": 128,
    "35": 103,
    "4": 254,
    "5": 32,
    "6": 3,
    "7": 19,
  },
  registers: {
    "x10,a0": "0xffffffec",
    "x11,a1": "0xffffeb",
    "x5,t0": "0xa",
    "x6,t1": "0xffffffe2",
    "x8,fp,s0": "0xffffff",
    "x9,s1": "0xffffffec",
    mtime: "0x9",
    pc: "0xfffffffe",
  },
  sentinel_errors: [],
}
`;
