export const snapshot = {};

snapshot[`riscv/instructions/test_riscv_instruction_047.s 1`] = `
{
  display: "",
  error: false,
  keyboard: "",
  memory: {
    "1": 2,
    "10": 19,
    "11": 55,
    "12": 29,
    "13": 115,
    "14": 3,
    "15": 19,
    "16": 255,
    "17": 255,
    "18": 227,
    "19": 183,
    "2": 34,
    "20": 175,
    "21": 35,
    "22": 131,
    "23": 147,
    "24": 64,
    "25": 80,
    "26": 4,
    "27": 51,
    "28": 64,
    "29": 96,
    "3": 183,
    "30": 4,
    "31": 179,
    "32": 64,
    "33": 112,
    "34": 5,
    "35": 51,
    "38": 128,
    "39": 103,
    "4": 52,
    "5": 98,
    "6": 130,
    "7": 147,
  },
  registers: {
    "x10,a0": "0x250e",
    "x5,t0": "0x22346",
    "x6,t1": "0x11d7",
    "x7,t2": "0xffffdaf2",
    "x8,fp,s0": "0xfffddcba",
    "x9,s1": "0xffffee29",
    mtime: "0xa",
    pc: "0xfffffffe",
  },
  sentinel_errors: [],
}
`;
