export const snapshot = {};

snapshot[`riscv/instructions/test_riscv_instruction_014.s 1`] = `
{
  display: "",
  error: false,
  keyboard: "",
  memory: {
    "1": 32,
    "10": 3,
    "11": 151,
    "12": 255,
    "13": 163,
    "14": 131,
    "15": 147,
    "17": 3,
    "18": 69,
    "19": 3,
    "2": 3,
    "2097152": 127,
    "2097154": 255,
    "2097155": 255,
    "2097156": 127,
    "2097158": 255,
    "2097159": 255,
    "21": 3,
    "22": 214,
    "23": 3,
    "25": 32,
    "26": 7,
    "27": 23,
    "28": 254,
    "29": 199,
    "3": 23,
    "30": 7,
    "31": 19,
    "33": 167,
    "35": 35,
    "37": 32,
    "38": 7,
    "39": 23,
    "40": 254,
    "41": 39,
    "42": 7,
    "43": 19,
    "45": 199,
    "46": 16,
    "47": 35,
    "5": 3,
    "50": 128,
    "51": 103,
    "6": 3,
    "7": 19,
    "9": 32,
  },
  registers: {
    "x10,a0": "0x7f",
    "x12,a2": "0xffff",
    "x14,a4": "0x200006",
    "x6,t1": "0x200000",
    "x7,t2": "0x200002",
    mtime: "0xd",
    pc: "0xfffffffe",
  },
  sentinel_errors: [],
}
`;
