export const snapshot = {};

snapshot[`riscv/instructions/test_riscv_instruction_044.s 1`] = `
{
  display: "",
  error: false,
  keyboard: "",
  memory: {
    "0": 55,
    "1": 32,
    "10": 3,
    "11": 147,
    "12": 33,
    "13": 240,
    "14": 4,
    "15": 19,
    "17": 83,
    "18": 90,
    "19": 99,
    "2": 2,
    "21": 116,
    "22": 88,
    "23": 99,
    "24": 2,
    "25": 32,
    "26": 14,
    "27": 19,
    "29": 160,
    "3": 147,
    "30": 8,
    "31": 147,
    "35": 115,
    "37": 176,
    "38": 2,
    "39": 147,
    "4": 55,
    "40": 34,
    "41": 176,
    "42": 3,
    "43": 19,
    "44": 254,
    "45": 83,
    "46": 86,
    "47": 227,
    "5": 16,
    "6": 3,
    "7": 19,
    "9": 80,
  },
  registers: {
    "x17,a7": "0xa",
    "x28,t3": "0x22",
    "x5,t0": "0xb",
    "x6,t1": "0x22b",
    "x7,t2": "0x5",
    "x8,fp,s0": "0x21f",
    mtime: "0xc",
    pc: "0x24",
  },
  sentinel_errors: [],
}
`;
