export const snapshot = {};

snapshot[`riscv/instructions/test_riscv_instruction_025.s 1`] = `
{
  display: "",
  error: false,
  keyboard: "",
  memory: {
    "10": 34,
    "11": 183,
    "13": 2,
    "14": 130,
    "15": 147,
    "18": 35,
    "19": 55,
    "2": 34,
    "21": 19,
    "22": 3,
    "23": 19,
    "26": 35,
    "27": 183,
    "29": 35,
    "3": 55,
    "30": 131,
    "31": 147,
    "33": 66,
    "34": 180,
    "35": 51,
    "37": 82,
    "38": 180,
    "39": 179,
    "4": 255,
    "41": 98,
    "42": 181,
    "43": 51,
    "45": 114,
    "46": 181,
    "47": 179,
    "5": 242,
    "50": 128,
    "51": 103,
    "6": 2,
    "7": 19,
  },
  registers: {
    "x10,a0": "0x1",
    "x11,a1": "0x1",
    "x4,tp": "0x1fff",
    "x5,t0": "0x2000",
    "x6,t1": "0x2001",
    "x7,t2": "0x2002",
    mtime: "0xd",
    pc: "0xfffffffe",
  },
  sentinel_errors: [],
}
`;
