export const snapshot = {};

snapshot[`riscv/instructions/test_riscv_instruction_015.s 1`] = `
{
  display: "",
  error: false,
  keyboard: "",
  memory: {
    "0": 47,
    "10": 163,
    "11": 19,
    "12": 47,
    "13": 2,
    "14": 163,
    "15": 147,
    "16": 47,
    "17": 18,
    "18": 164,
    "19": 19,
    "2": 2,
    "20": 47,
    "21": 34,
    "22": 164,
    "23": 147,
    "24": 191,
    "25": 245,
    "26": 37,
    "27": 147,
    "28": 192,
    "29": 5,
    "3": 147,
    "30": 38,
    "31": 19,
    "32": 192,
    "33": 21,
    "34": 38,
    "35": 147,
    "36": 192,
    "37": 37,
    "38": 39,
    "39": 19,
    "4": 192,
    "42": 128,
    "43": 103,
    "6": 5,
    "7": 19,
    "8": 46,
    "9": 242,
  },
  registers: {
    "x10,a0": "0xfffffc00",
    "x13,a3": "0x1",
    "x14,a4": "0x1",
    "x5,t0": "0x2f0",
    "x8,fp,s0": "0x1",
    "x9,s1": "0x1",
    mtime: "0xb",
    pc: "0xfffffffe",
  },
  sentinel_errors: [],
}
`;
