export const snapshot = {};

snapshot[`riscv/instructions/test_riscv_instruction_026.s 1`] = `
{
  display: "",
  error: false,
  keyboard: "",
  memory: {
    "1": 2,
    "10": 19,
    "11": 55,
    "12": 29,
    "13": 115,
    "14": 3,
    "15": 19,
    "16": 255,
    "17": 255,
    "18": 227,
    "19": 183,
    "2": 34,
    "20": 175,
    "21": 35,
    "22": 131,
    "23": 147,
    "24": 69,
    "25": 80,
    "26": 4,
    "27": 19,
    "28": 34,
    "29": 32,
    "3": 183,
    "30": 4,
    "31": 147,
    "34": 21,
    "35": 55,
    "36": 255,
    "37": 245,
    "38": 5,
    "39": 19,
    "4": 52,
    "41": 130,
    "42": 197,
    "43": 179,
    "45": 147,
    "46": 70,
    "47": 51,
    "49": 163,
    "5": 98,
    "50": 198,
    "51": 179,
    "54": 128,
    "55": 103,
    "6": 130,
    "7": 147,
  },
  registers: {
    "x10,a0": "0xfff",
    "x11,a1": "0x22713",
    "x12,a2": "0x13f5",
    "x13,a3": "0xffffd50d",
    "x5,t0": "0x22346",
    "x6,t1": "0x11d7",
    "x7,t2": "0xffffdaf2",
    "x8,fp,s0": "0x455",
    "x9,s1": "0x222",
    mtime: "0xe",
    pc: "0xfffffffe",
  },
  sentinel_errors: [],
}
`;
