export const snapshot = {};

snapshot[`riscv/instructions/test_riscv_instruction_041.s 1`] = `
{
  display: "",
  error: false,
  keyboard: "",
  memory: {
    "0": 1,
    "10": 227,
    "11": 183,
    "13": 3,
    "14": 131,
    "15": 147,
    "16": 1,
    "17": 128,
    "18": 4,
    "19": 19,
    "2": 2,
    "20": 2,
    "21": 83,
    "22": 244,
    "23": 179,
    "24": 2,
    "25": 83,
    "26": 117,
    "27": 51,
    "28": 2,
    "29": 131,
    "3": 147,
    "30": 245,
    "31": 179,
    "32": 2,
    "33": 116,
    "34": 118,
    "35": 51,
    "38": 128,
    "39": 103,
    "4": 16,
    "6": 3,
    "7": 19,
    "8": 255,
    "9": 255,
  },
  registers: {
    "x11,a1": "0x8",
    "x12,a2": "0x18",
    "x5,t0": "0x10",
    "x6,t1": "0x100",
    "x7,t2": "0xffffe000",
    "x8,fp,s0": "0x18",
    mtime: "0xa",
    pc: "0xfffffffe",
  },
  sentinel_errors: [],
}
`;
