export const snapshot = {};

snapshot[`riscv/instructions/test_riscv_instruction_043.s 1`] = `
{
  display: "",
  error: false,
  keyboard: "",
  memory: {
    "0": 253,
    "1": 128,
    "10": 3,
    "11": 147,
    "12": 2,
    "14": 14,
    "15": 19,
    "17": 82,
    "18": 228,
    "19": 99,
    "2": 2,
    "21": 16,
    "22": 4,
    "23": 19,
    "25": 83,
    "26": 100,
    "27": 99,
    "29": 16,
    "3": 147,
    "30": 4,
    "31": 147,
    "33": 98,
    "34": 228,
    "35": 99,
    "37": 16,
    "38": 9,
    "39": 19,
    "4": 255,
    "41": 115,
    "42": 228,
    "43": 99,
    "45": 16,
    "46": 9,
    "47": 147,
    "49": 126,
    "5": 96,
    "50": 100,
    "51": 99,
    "53": 16,
    "54": 10,
    "55": 19,
    "56": 1,
    "57": 195,
    "58": 228,
    "59": 99,
    "6": 3,
    "61": 16,
    "62": 10,
    "63": 147,
    "65": 83,
    "66": 228,
    "67": 99,
    "69": 16,
    "7": 19,
    "70": 11,
    "71": 19,
    "73": 114,
    "74": 228,
    "75": 99,
    "77": 16,
    "78": 11,
    "79": 147,
    "81": 110,
    "82": 100,
    "83": 99,
    "85": 16,
    "86": 12,
    "87": 19,
    "88": 1,
    "89": 195,
    "9": 240,
    "90": 100,
    "91": 99,
    "93": 16,
    "94": 12,
    "95": 147,
    "98": 128,
    "99": 103,
  },
  registers: {
    "x19,s3": "0x1",
    "x20,s4": "0x1",
    "x23,s7": "0x1",
    "x25,s9": "0x1",
    "x28,t3": "0x20",
    "x5,t0": "0xffffffd8",
    "x6,t1": "0xfffffff6",
    "x7,t2": "0xf",
    "x8,fp,s0": "0x1",
    "x9,s1": "0x1",
    mtime: "0x15",
    pc: "0xfffffffe",
  },
  sentinel_errors: [],
}
`;
