export const snapshot = {};

snapshot[`riscv/instructions/test_riscv_instruction_009.s 1`] = `
{
  display: "",
  error: false,
  keyboard: "",
  memory: {
    "0": 22,
    "1": 144,
    "10": 3,
    "11": 147,
    "13": 4,
    "14": 68,
    "15": 55,
    "16": 86,
    "17": 36,
    "18": 4,
    "19": 19,
    "2": 2,
    "21": 114,
    "22": 202,
    "23": 99,
    "25": 83,
    "26": 72,
    "27": 99,
    "28": 2,
    "29": 32,
    "3": 147,
    "30": 14,
    "31": 19,
    "33": 160,
    "34": 8,
    "35": 147,
    "39": 115,
    "40": 117,
    "41": 64,
    "42": 4,
    "43": 147,
    "44": 34,
    "45": 176,
    "46": 5,
    "47": 19,
    "48": 254,
    "49": 149,
    "5": 32,
    "50": 70,
    "51": 227,
    "6": 3,
    "7": 19,
    "9": 80,
  },
  registers: {
    "x10,a0": "0x22b",
    "x17,a7": "0xa",
    "x28,t3": "0x22",
    "x5,t0": "0x169",
    "x6,t1": "0x2",
    "x7,t2": "0x5",
    "x8,fp,s0": "0x44562",
    "x9,s1": "0x754",
    mtime: "0xd",
    pc: "0x28",
  },
  sentinel_errors: [],
}
`;
