export const snapshot = {};

snapshot[`riscv/instructions/test_riscv_instruction_005.s 1`] = `
{
  display: "",
  error: false,
  keyboard: "",
  memory: {
    "0": 34,
    "1": 48,
    "10": 3,
    "11": 147,
    "13": 18,
    "14": 52,
    "15": 55,
    "16": 81,
    "17": 84,
    "18": 4,
    "19": 19,
    "2": 2,
    "20": 1,
    "23": 239,
    "24": 64,
    "25": 98,
    "26": 132,
    "27": 179,
    "28": 64,
    "29": 147,
    "3": 147,
    "30": 133,
    "31": 51,
    "32": 64,
    "33": 164,
    "34": 5,
    "35": 179,
    "37": 160,
    "38": 8,
    "39": 147,
    "4": 197,
    "43": 115,
    "5": 112,
    "6": 3,
    "7": 19,
    "9": 192,
  },
  registers: {
    "x1,ra": "0x18",
    "x17,a7": "0xa",
    "x5,t0": "0x223",
    "x6,t1": "0xfffffc57",
    "x7,t2": "0xc",
    "x8,fp,s0": "0x123515",
    mtime: "0x8",
    pc: "0x2c",
  },
  sentinel_errors: [],
}
`;
