export const snapshot = {};

snapshot[`riscv/instructions/test_riscv_instruction_008.s 1`] = `
{
  display: "",
  error: false,
  keyboard: "",
  memory: {
    "0": 22,
    "1": 144,
    "10": 3,
    "11": 147,
    "13": 4,
    "14": 68,
    "15": 55,
    "16": 86,
    "17": 36,
    "18": 4,
    "19": 19,
    "2": 2,
    "21": 114,
    "22": 152,
    "23": 99,
    "24": 2,
    "25": 32,
    "26": 14,
    "27": 19,
    "29": 160,
    "3": 147,
    "30": 8,
    "31": 147,
    "35": 115,
    "36": 117,
    "37": 64,
    "38": 2,
    "39": 147,
    "40": 34,
    "41": 176,
    "42": 3,
    "43": 19,
    "44": 254,
    "45": 98,
    "46": 150,
    "47": 227,
    "5": 32,
    "6": 3,
    "7": 19,
    "9": 80,
  },
  registers: {
    "x17,a7": "0xa",
    "x28,t3": "0x22",
    "x5,t0": "0x754",
    "x6,t1": "0x22b",
    "x7,t2": "0x5",
    "x8,fp,s0": "0x44562",
    mtime: "0xc",
    pc: "0x24",
  },
  sentinel_errors: [],
}
`;
