export const snapshot = {};

snapshot[`riscv/instructions/test_riscv_instruction_003.s 1`] = `
{
  display: "",
  error: false,
  keyboard: "",
  memory: {
    "0": 34,
    "1": 48,
    "10": 3,
    "11": 147,
    "13": 18,
    "14": 52,
    "15": 55,
    "16": 81,
    "17": 84,
    "18": 4,
    "19": 19,
    "2": 2,
    "20": 64,
    "21": 98,
    "22": 132,
    "23": 179,
    "24": 64,
    "25": 147,
    "26": 133,
    "27": 51,
    "28": 64,
    "29": 164,
    "3": 147,
    "30": 5,
    "31": 179,
    "34": 128,
    "35": 103,
    "4": 197,
    "5": 112,
    "6": 3,
    "7": 19,
    "9": 192,
  },
  registers: {
    "x10,a0": "0xfffffa40",
    "x11,a1": "0x123ad5",
    "x5,t0": "0x223",
    "x6,t1": "0xfffffc57",
    "x7,t2": "0xc",
    "x8,fp,s0": "0x123515",
    "x9,s1": "0x5cc",
    mtime: "0x9",
    pc: "0xfffffffe",
  },
  sentinel_errors: [],
}
`;
