export const snapshot = {};

snapshot[`riscv/instructions/test_riscv_instruction_034.s 1`] = `
{
  display: "",
  error: false,
  keyboard: "",
  memory: {
    "1": 160,
    "10": 3,
    "11": 147,
    "12": 255,
    "13": 224,
    "14": 4,
    "15": 19,
    "16": 2,
    "17": 98,
    "18": 132,
    "19": 179,
    "2": 2,
    "20": 2,
    "21": 115,
    "22": 5,
    "23": 51,
    "24": 2,
    "25": 131,
    "26": 133,
    "27": 179,
    "28": 2,
    "29": 84,
    "3": 147,
    "30": 6,
    "31": 51,
    "34": 128,
    "35": 103,
    "5": 208,
    "6": 3,
    "7": 19,
    "8": 2,
    "9": 208,
  },
  registers: {
    "x10,a0": "0x249",
    "x11,a1": "0xffffffa6",
    "x12,a2": "0xffffffec",
    "x5,t0": "0xa",
    "x6,t1": "0xd",
    "x7,t2": "0x2d",
    "x8,fp,s0": "0xfffffffe",
    "x9,s1": "0x82",
    mtime: "0x9",
    pc: "0xfffffffe",
  },
  sentinel_errors: [],
}
`;
